Archive member included to satisfy reference by file (symbol)

D:/STM32cubeide/New folder/STM32CubeIDE_1.14.1/STM32CubeIDE/plugins/com.st.stm32cube.ide.mcu.externaltools.gnu-tools-for-stm32.12.3.rel1.win32_1.0.200.202406191623/tools/bin/../lib/gcc/arm-none-eabi/12.3.1/../../../../arm-none-eabi/lib/thumb/v7e-m+dp/hard\libc_nano.a(libc_a-exit.o)
                              D:/STM32cubeide/New folder/STM32CubeIDE_1.14.1/STM32CubeIDE/plugins/com.st.stm32cube.ide.mcu.externaltools.gnu-tools-for-stm32.12.3.rel1.win32_1.0.200.202406191623/tools/bin/../lib/gcc/arm-none-eabi/12.3.1/../../../../arm-none-eabi/lib/thumb/v7e-m+dp/hard/crt0.o (exit)
D:/STM32cubeide/New folder/STM32CubeIDE_1.14.1/STM32CubeIDE/plugins/com.st.stm32cube.ide.mcu.externaltools.gnu-tools-for-stm32.12.3.rel1.win32_1.0.200.202406191623/tools/bin/../lib/gcc/arm-none-eabi/12.3.1/../../../../arm-none-eabi/lib/thumb/v7e-m+dp/hard\libc_nano.a(libc_a-findfp.o)
                              D:/STM32cubeide/New folder/STM32CubeIDE_1.14.1/STM32CubeIDE/plugins/com.st.stm32cube.ide.mcu.externaltools.gnu-tools-for-stm32.12.3.rel1.win32_1.0.200.202406191623/tools/bin/../lib/gcc/arm-none-eabi/12.3.1/../../../../arm-none-eabi/lib/thumb/v7e-m+dp/hard\libc_nano.a(libc_a-exit.o) (__stdio_exit_handler)
D:/STM32cubeide/New folder/STM32CubeIDE_1.14.1/STM32CubeIDE/plugins/com.st.stm32cube.ide.mcu.externaltools.gnu-tools-for-stm32.12.3.rel1.win32_1.0.200.202406191623/tools/bin/../lib/gcc/arm-none-eabi/12.3.1/../../../../arm-none-eabi/lib/thumb/v7e-m+dp/hard\libc_nano.a(libc_a-fwalk.o)
                              D:/STM32cubeide/New folder/STM32CubeIDE_1.14.1/STM32CubeIDE/plugins/com.st.stm32cube.ide.mcu.externaltools.gnu-tools-for-stm32.12.3.rel1.win32_1.0.200.202406191623/tools/bin/../lib/gcc/arm-none-eabi/12.3.1/../../../../arm-none-eabi/lib/thumb/v7e-m+dp/hard\libc_nano.a(libc_a-findfp.o) (_fwalk_sglue)
D:/STM32cubeide/New folder/STM32CubeIDE_1.14.1/STM32CubeIDE/plugins/com.st.stm32cube.ide.mcu.externaltools.gnu-tools-for-stm32.12.3.rel1.win32_1.0.200.202406191623/tools/bin/../lib/gcc/arm-none-eabi/12.3.1/../../../../arm-none-eabi/lib/thumb/v7e-m+dp/hard\libc_nano.a(libc_a-printf.o)
                              ./Core/Src/ov7670.o (printf)
D:/STM32cubeide/New folder/STM32CubeIDE_1.14.1/STM32CubeIDE/plugins/com.st.stm32cube.ide.mcu.externaltools.gnu-tools-for-stm32.12.3.rel1.win32_1.0.200.202406191623/tools/bin/../lib/gcc/arm-none-eabi/12.3.1/../../../../arm-none-eabi/lib/thumb/v7e-m+dp/hard\libc_nano.a(libc_a-stdio.o)
                              D:/STM32cubeide/New folder/STM32CubeIDE_1.14.1/STM32CubeIDE/plugins/com.st.stm32cube.ide.mcu.externaltools.gnu-tools-for-stm32.12.3.rel1.win32_1.0.200.202406191623/tools/bin/../lib/gcc/arm-none-eabi/12.3.1/../../../../arm-none-eabi/lib/thumb/v7e-m+dp/hard\libc_nano.a(libc_a-findfp.o) (__sread)
D:/STM32cubeide/New folder/STM32CubeIDE_1.14.1/STM32CubeIDE/plugins/com.st.stm32cube.ide.mcu.externaltools.gnu-tools-for-stm32.12.3.rel1.win32_1.0.200.202406191623/tools/bin/../lib/gcc/arm-none-eabi/12.3.1/../../../../arm-none-eabi/lib/thumb/v7e-m+dp/hard\libc_nano.a(libc_a-memset.o)
                              D:/STM32cubeide/New folder/STM32CubeIDE_1.14.1/STM32CubeIDE/plugins/com.st.stm32cube.ide.mcu.externaltools.gnu-tools-for-stm32.12.3.rel1.win32_1.0.200.202406191623/tools/bin/../lib/gcc/arm-none-eabi/12.3.1/../../../../arm-none-eabi/lib/thumb/v7e-m+dp/hard/crt0.o (memset)
D:/STM32cubeide/New folder/STM32CubeIDE_1.14.1/STM32CubeIDE/plugins/com.st.stm32cube.ide.mcu.externaltools.gnu-tools-for-stm32.12.3.rel1.win32_1.0.200.202406191623/tools/bin/../lib/gcc/arm-none-eabi/12.3.1/../../../../arm-none-eabi/lib/thumb/v7e-m+dp/hard\libc_nano.a(libc_a-closer.o)
                              D:/STM32cubeide/New folder/STM32CubeIDE_1.14.1/STM32CubeIDE/plugins/com.st.stm32cube.ide.mcu.externaltools.gnu-tools-for-stm32.12.3.rel1.win32_1.0.200.202406191623/tools/bin/../lib/gcc/arm-none-eabi/12.3.1/../../../../arm-none-eabi/lib/thumb/v7e-m+dp/hard\libc_nano.a(libc_a-stdio.o) (_close_r)
D:/STM32cubeide/New folder/STM32CubeIDE_1.14.1/STM32CubeIDE/plugins/com.st.stm32cube.ide.mcu.externaltools.gnu-tools-for-stm32.12.3.rel1.win32_1.0.200.202406191623/tools/bin/../lib/gcc/arm-none-eabi/12.3.1/../../../../arm-none-eabi/lib/thumb/v7e-m+dp/hard\libc_nano.a(libc_a-reent.o)
                              D:/STM32cubeide/New folder/STM32CubeIDE_1.14.1/STM32CubeIDE/plugins/com.st.stm32cube.ide.mcu.externaltools.gnu-tools-for-stm32.12.3.rel1.win32_1.0.200.202406191623/tools/bin/../lib/gcc/arm-none-eabi/12.3.1/../../../../arm-none-eabi/lib/thumb/v7e-m+dp/hard\libc_nano.a(libc_a-closer.o) (errno)
D:/STM32cubeide/New folder/STM32CubeIDE_1.14.1/STM32CubeIDE/plugins/com.st.stm32cube.ide.mcu.externaltools.gnu-tools-for-stm32.12.3.rel1.win32_1.0.200.202406191623/tools/bin/../lib/gcc/arm-none-eabi/12.3.1/../../../../arm-none-eabi/lib/thumb/v7e-m+dp/hard\libc_nano.a(libc_a-impure.o)
[...]
Memory Configuration

Name             Origin             Length             Attributes
FLASH            0x08000000         0x00020000         xr
DTCMRAM          0x20000000         0x00020000         xrw
RAM_D1           0x24000000         0x00080000         xrw
RAM_D2           0x30000000         0x00048000         xrw
RAM_D3           0x38000000         0x00010000         xrw
ITCMRAM          0x00000000         0x00010000         xrw
*default*        0x00000000         0xffffffff

Linker script and memory map

LOAD D:/STM32cubeide/New folder/STM32CubeIDE_1.14.1/STM32CubeIDE/plugins/com.st.stm32cube.ide.mcu.externaltools.gnu-tools-for-stm32.12.3.rel1.win32_1.0.200.202406191623/tools/bin/../lib/gcc/arm-none-eabi/12.3.1/thumb/v7e-m+dp/hard/crti.o
LOAD D:/STM32cubeide/New folder/STM32CubeIDE_1.14.1/STM32CubeIDE/plugins/com.st.stm32cube.ide.mcu.externaltools.gnu-tools-for-stm32.12.3.rel1.win32_1.0.200.202406191623/tools/bin/../lib/gcc/arm-none-eabi/12.3.1/thumb/v7e-m+dp/hard/crtbegin.o
LOAD D:/STM32cubeide/New folder/STM32CubeIDE_1.14.1/STM32CubeIDE/plugins/com.st.stm32cube.ide.mcu.externaltools.gnu-tools-for-stm32.12.3.rel1.win32_1.0.200.202406191623/tools/bin/../lib/gcc/arm-none-eabi/12.3.1/../../../../arm-none-eabi/lib/thumb/v7e-m+dp/hard/crt0.o
LOAD ./Core/Src/lcdIli9341.o
LOAD ./Core/Src/main.o
LOAD ./Core/Src/ov7670.o
LOAD ./Core/Src/stm32h7xx_hal_msp.o
LOAD ./Core/Src/stm32h7xx_it.o
LOAD ./Core/Src/syscalls.o
LOAD ./Core/Src/sysmem.o
LOAD ./Core/Src/system_stm32h7xx.o
LOAD ./Core/Startup/startup_stm32h750vbtx.o
LOAD ./Drivers/STM32H7xx_HAL_Driver/Src/stm32h7xx_hal.o
LOAD ./Drivers/STM32H7xx_HAL_Driver/Src/stm32h7xx_hal_cortex.o
LOAD ./Drivers/STM32H7xx_HAL_Driver/Src/stm32h7xx_hal_dcmi.o
LOAD ./Drivers/STM32H7xx_HAL_Driver/Src/stm32h7xx_hal_dma.o
LOAD ./Drivers/STM32H7xx_HAL_Driver/Src/stm32h7xx_hal_dma_ex.o
LOAD ./Drivers/STM32H7xx_HAL_Driver/Src/stm32h7xx_hal_exti.o
LOAD ./Drivers/STM32H7xx_HAL_Driver/Src/stm32h7xx_hal_flash.o
LOAD ./Drivers/STM32H7xx_HAL_Driver/Src/stm32h7xx_hal_flash_ex.o
LOAD ./Drivers/STM32H7xx_HAL_Driver/Src/stm32h7xx_hal_gpio.o
LOAD ./Drivers/STM32H7xx_HAL_Driver/Src/stm32h7xx_hal_hsem.o
LOAD ./Drivers/STM32H7xx_HAL_Driver/Src/stm32h7xx_hal_i2c.o
LOAD ./Drivers/STM32H7xx_HAL_Driver/Src/stm32h7xx_hal_i2c_ex.o
LOAD ./Drivers/STM32H7xx_HAL_Driver/Src/stm32h7xx_hal_mdma.o
LOAD ./Drivers/STM32H7xx_HAL_Driver/Src/stm32h7xx_hal_pwr.o
LOAD ./Drivers/STM32H7xx_HAL_Driver/Src/stm32h7xx_hal_pwr_ex.o
LOAD ./Drivers/STM32H7xx_HAL_Driver/Src/stm32h7xx_hal_rcc.o
LOAD ./Drivers/STM32H7xx_HAL_Driver/Src/stm32h7xx_hal_rcc_ex.o
LOAD ./Drivers/STM32H7xx_HAL_Driver/Src/stm32h7xx_hal_sram.o
LOAD ./Drivers/STM32H7xx_HAL_Driver/Src/stm32h7xx_hal_tim.o
LOAD ./Drivers/STM32H7xx_HAL_Driver/Src/stm32h7xx_hal_tim_ex.o
LOAD ./Drivers/STM32H7xx_HAL_Driver/Src/stm32h7xx_ll_fmc.o
START GROUP
LOAD D:/STM32cubeide/New folder/STM32CubeIDE_1.14.1/STM32CubeIDE/plugins/com.st.stm32cube.ide.mcu.externaltools.gnu-tools-for-stm32.12.3.rel1.win32_1.0.200.202406191623/tools/bin/../lib/gcc/arm-none-eabi/12.3.1/../../../../arm-none-eabi/lib/thumb/v7e-m+dp/hard\libc_nano.a
LOAD D:/STM32cubeide/New folder/STM32CubeIDE_1.14.1/STM32CubeIDE/plugins/com.st.stm32cube.ide.mcu.externaltools.gnu-tools-for-stm32.12.3.rel1.win32_1.0.200.202406191623/tools/bin/../lib/gcc/arm-none-eabi/12.3.1/../../../../arm-none-eabi/lib/thumb/v7e-m+dp/hard\libm.a
END GROUP
START GROUP
LOAD D:/STM32cubeide/New folder/STM32CubeIDE_1.14.1/STM32CubeIDE/plugins/com.st.stm32cube.ide.mcu.externaltools.gnu-tools-for-stm32.12.3.rel1.win32_1.0.200.202406191623/tools/bin/../lib/gcc/arm-none-eabi/12.3.1/thumb/v7e-m+dp/hard\libgcc.a
LOAD D:/STM32cubeide/New folder/STM32CubeIDE_1.14.1/STM32CubeIDE/plugins/com.st.stm32cube.ide.mcu.externaltools.gnu-tools-for-stm32.12.3.rel1.win32_1.0.200.202406191623/tools/bin/../lib/gcc/arm-none-eabi/12.3.1/../../../../arm-none-eabi/lib/thumb/v7e-m+dp/hard\libc_nano.a
END GROUP
START GROUP
LOAD D:/STM32cubeide/New folder/STM32CubeIDE_1.14.1/STM32CubeIDE/plugins/com.st.stm32cube.ide.mcu.externaltools.gnu-tools-for-stm32.12.3.rel1.win32_1.0.200.202406191623/tools/bin/../lib/gcc/arm-none-eabi/12.3.1/thumb/v7e-m+dp/hard\libgcc.a
LOAD D:/STM32cubeide/New folder/STM32CubeIDE_1.14.1/STM32CubeIDE/plugins/com.st.stm32cube.ide.mcu.externaltools.gnu-tools-for-stm32.12.3.rel1.win32_1.0.200.202406191623/tools/bin/../lib/gcc/arm-none-eabi/12.3.1/../../../../arm-none-eabi/lib/thumb/v7e-m+dp/hard\libc_nano.a
LOAD D:/STM32cubeide/New folder/STM32CubeIDE_1.14.1/STM32CubeIDE/plugins/com.st.stm32cube.ide.mcu.externaltools.gnu-tools-for-stm32.12.3.rel1.win32_1.0.200.202406191623/tools/bin/../lib/gcc/arm-none-eabi/12.3.1/../../../../arm-none-eabi/lib/thumb/v7e-m+dp/hard\libnosys.a
END GROUP
START GROUP
LOAD D:/STM32cubeide/New folder/STM32CubeIDE_1.14.1/STM32CubeIDE/plugins/com.st.stm32cube.ide.mcu.externaltools.gnu-tools-for-stm32.12.3.rel1.win32_1.0.200.202406191623/tools/bin/../lib/gcc/arm-none-eabi/12.3.1/thumb/v7e-m+dp/hard\libgcc.a
LOAD D:/STM32cubeide/New folder/STM32CubeIDE_1.14.1/STM32CubeIDE/plugins/com.st.stm32cube.ide.mcu.externaltools.gnu-tools-for-stm32.12.3.rel1.win32_1.0.200.202406191623/tools/bin/../lib/gcc/arm-none-eabi/12.3.1/../../../../arm-none-eabi/lib/thumb/v7e-m+dp/hard\libc_nano.a
LOAD D:/STM32cubeide/New folder/STM32CubeIDE_1.14.1/STM32CubeIDE/plugins/com.st.stm32cube.ide.mcu.externaltools.gnu-tools-for-stm32.12.3.rel1.win32_1.0.200.202406191623/tools/bin/../lib/gcc/arm-none-eabi/12.3.1/../../../../arm-none-eabi/lib/thumb/v7e-m+dp/hard\libnosys.a
END GROUP
LOAD D:/STM32cubeide/New folder/STM32CubeIDE_1.14.1/STM32CubeIDE/plugins/com.st.stm32cube.ide.mcu.externaltools.gnu-tools-for-stm32.12.3.rel1.win32_1.0.200.202406191623/tools/bin/../lib/gcc/arm-none-eabi/12.3.1/thumb/v7e-m+dp/hard/crtend.o
LOAD D:/STM32cubeide/New folder/STM32CubeIDE_1.14.1/STM32CubeIDE/plugins/com.st.stm32cube.ide.mcu.externaltools.gnu-tools-for-stm32.12.3.rel1.win32_1.0.200.202406191623/tools/bin/../lib/gcc/arm-none-eabi/12.3.1/thumb/v7e-m+dp/hard/crtn.o
                0x24080000                        _estack = (ORIGIN (RAM_D1) + LENGTH (RAM_D1))
                0x00000200                        _Min_Heap_Size = 0x200
                0x00000400                        _Min_Stack_Size = 0x400

.isr_vector     0x08000000      0x298
                0x08000000                        . = ALIGN (0x4)
 *(.isr_vector)
 .isr_vector    0x08000000      0x298 ./Core/Startup/startup_stm32h750vbtx.o
                0x08000000                g_pfnVectors
                0x08000298                        . = ALIGN (0x4)

.text           0x080002a0     0x9d98
                0x080002a0                        . = ALIGN (0x4)
 *(.text)
 .text          0x080002a0       0x40 D:/STM32cubeide/New folder/STM32CubeIDE_1.14.1/STM32CubeIDE/plugins/com.st.stm32cube.ide.mcu.externaltools.gnu-tools-for-stm32.12.3.rel1.win32_1.0.200.202406191623/tools/bin/../lib/gcc/arm-none-eabi/12.3.1/thumb/v7e-m+dp/hard/crtbegin.o
 .text          0x080002e0       0xa0 D:/STM32cubeide/New folder/STM32CubeIDE_1.14.1/STM32CubeIDE/plugins/com.st.stm32cube.ide.mcu.externaltools.gnu-tools-for-stm32.12.3.rel1.win32_1.0.200.202406191623/tools/bin/../lib/gcc/arm-none-eabi/12.3.1/../../../../arm-none-eabi/lib/thumb/v7e-m+dp/hard\libc_nano.a(libc_a-memchr.o)
                0x080002e0                memchr
 *(.text*)
 .text.lcdIli9341_setArea
                0x08000380       0x98 ./Core/Src/lcdIli9341.o
                0x08000380                lcdIli9341_setArea
 .text.lcdIli9341_drawRect
                0x08000418       0x7c ./Core/Src/lcdIli9341.o
                0x08000418                lcdIli9341_drawRect
 .text.lcdIli9341_getDrawAddress
                0x08000494       0x14 ./Core/Src/lcdIli9341.o
                0x08000494                lcdIli9341_getDrawAddress
 .text.lcdIli9341_init
                0x080004a8      0x17e ./Core/Src/lcdIli9341.o
                0x080004a8                lcdIli9341_init
 .text.lcdIli9341_writeCmd
                0x08000626       0x1e ./Core/Src/lcdIli9341.o
 .text.lcdIli9341_writeData
                0x08000644       0x20 ./Core/Src/lcdIli9341.o
 .text.main     0x08000664       0x8c ./Core/Src/main.o
                0x08000664                main
 .text.SystemClock_Config
                0x080006f0      0x118 ./Core/Src/main.o
                0x080006f0                SystemClock_Config
 .text.MX_DCMI_Init
                0x08000808       0x68 ./Core/Src/main.o
 .text.MX_I2C2_Init
                0x08000870       0x80 ./Core/Src/main.o
 .text.MX_DMA_Init
                0x080008f0       0x40 ./Core/Src/main.o
 .text.MX_FMC_Init
                0x08000930       0xc8 ./Core/Src/main.o
 .text.MX_GPIO_Init
                0x080009f8      0x154 ./Core/Src/main.o
 .text.MPU_Config
                0x08000b4c       0x58 ./Core/Src/main.o
 .text.Error_Handler
                0x08000ba4        0xc ./Core/Src/main.o
                0x08000ba4                Error_Handler
 .text.ov7670_init
                0x08000bb0       0x90 ./Core/Src/ov7670.o
                0x08000bb0                ov7670_init
 .text.ov7670_config
                0x08000c40       0x60 ./Core/Src/ov7670.o
                0x08000c40                ov7670_config
 .text.ov7670_startCap
                0x08000ca0       0x5c ./Core/Src/ov7670.o
                0x08000ca0                ov7670_startCap
 .text.ov7670_stopCap
                0x08000cfc       0x18 ./Core/Src/ov7670.o
                0x08000cfc                ov7670_stopCap
 .text.HAL_DCMI_FrameEventCallback
                0x08000d14       0x64 ./Core/Src/ov7670.o
                0x08000d14                HAL_DCMI_FrameEventCallback
 .text.HAL_DCMI_VsyncEventCallback
                0x08000d78       0x14 ./Core/Src/ov7670.o
                0x08000d78                HAL_DCMI_VsyncEventCallback
 .text.ov7670_write
                0x08000d8c       0x40 ./Core/Src/ov7670.o
 .text.ov7670_read
                0x08000dcc       0x4c ./Core/Src/ov7670.o
 .text.HAL_MspInit
                0x08000e18       0x34 ./Core/Src/stm32h7xx_hal_msp.o
                0x08000e18                HAL_MspInit
 .text.HAL_DCMI_MspInit
                0x08000e4c      0x1d8 ./Core/Src/stm32h7xx_hal_msp.o
                0x08000e4c                HAL_DCMI_MspInit
 .text.HAL_I2C_MspInit
                0x08001024       0xd4 ./Core/Src/stm32h7xx_hal_msp.o
                0x08001024                HAL_I2C_MspInit
 .text.HAL_FMC_MspInit
                0x080010f8      0x114 ./Core/Src/stm32h7xx_hal_msp.o
 .text.HAL_SRAM_MspInit
                0x0800120c       0x14 ./Core/Src/stm32h7xx_hal_msp.o
                0x0800120c                HAL_SRAM_MspInit
 .text.NMI_Handler
                0x08001220        0x8 ./Core/Src/stm32h7xx_it.o
                0x08001220                NMI_Handler
 .text.HardFault_Handler
                0x08001228        0x8 ./Core/Src/stm32h7xx_it.o
                0x08001228                HardFault_Handler
 .text.MemManage_Handler
                0x08001230        0x8 ./Core/Src/stm32h7xx_it.o
                0x08001230                MemManage_Handler
 .text.BusFault_Handler
                0x08001238        0x8 ./Core/Src/stm32h7xx_it.o
                0x08001238                BusFault_Handler
 .text.UsageFault_Handler
                0x08001240        0x8 ./Core/Src/stm32h7xx_it.o
                0x08001240                UsageFault_Handler
 .text.SVC_Handler
                0x08001248        0xe ./Core/Src/stm32h7xx_it.o
                0x08001248                SVC_Handler
 .text.DebugMon_Handler
                0x08001256        0xe ./Core/Src/stm32h7xx_it.o
                0x08001256                DebugMon_Handler
 .text.PendSV_Handler
                0x08001264        0xe ./Core/Src/stm32h7xx_it.o
                0x08001264                PendSV_Handler
 .text.SysTick_Handler
                0x08001272        0xc ./Core/Src/stm32h7xx_it.o
                0x08001272                SysTick_Handler
 *fill*         0x0800127e        0x2 
 .text.DMA1_Stream0_IRQHandler
                0x08001280       0x14 ./Core/Src/stm32h7xx_it.o
                0x08001280                DMA1_Stream0_IRQHandler
 .text.DCMI_IRQHandler
                0x08001294       0x14 ./Core/Src/stm32h7xx_it.o
                0x08001294                DCMI_IRQHandler
 .text._read    0x080012a8       0x3a ./Core/Src/syscalls.o
                0x080012a8                _read
 .text._write   0x080012e2       0x38 ./Core/Src/syscalls.o
                0x080012e2                _write
 .text._close   0x0800131a       0x18 ./Core/Src/syscalls.o
                0x0800131a                _close
 .text._fstat   0x08001332       0x20 ./Core/Src/syscalls.o
                0x08001332                _fstat
 .text._isatty  0x08001352       0x16 ./Core/Src/syscalls.o
                0x08001352                _isatty
 .text._lseek   0x08001368       0x1a ./Core/Src/syscalls.o
                0x08001368                _lseek
 *fill*         0x08001382        0x2 
 .text._sbrk    0x08001384       0x6c ./Core/Src/sysmem.o
                0x08001384                _sbrk
 .text.SystemInit
                0x080013f0      0x110 ./Core/Src/system_stm32h7xx.o
                0x080013f0                SystemInit
 .text.Reset_Handler
                0x08001500       0x50 ./Core/Startup/startup_stm32h750vbtx.o
                0x08001500                Reset_Handler
 .text.Default_Handler
                0x08001550        0x2 ./Core/Startup/startup_stm32h750vbtx.o
                0x08001550                RTC_Alarm_IRQHandler
                0x08001550                HASH_RNG_IRQHandler
                0x08001550                EXTI2_IRQHandler
                0x08001550                TIM8_CC_IRQHandler
                0x08001550                HRTIM1_Master_IRQHandler
                0x08001550                UART8_IRQHandler
                0x08001550                SPI4_IRQHandler
                0x08001550                TIM1_CC_IRQHandler
                0x08001550                BDMA_Channel6_IRQHandler
                0x08001550                DMA2_Stream5_IRQHandler
                0x08001550                HRTIM1_FLT_IRQHandler
                0x08001550                JPEG_IRQHandler
                0x08001550                DMA1_Stream5_IRQHandler
                0x08001550                BDMA_Channel1_IRQHandler
                0x08001550                HRTIM1_TIMD_IRQHandler
                0x08001550                TAMP_STAMP_IRQHandler
                0x08001550                EXTI3_IRQHandler
                0x08001550                LPTIM4_IRQHandler
                0x08001550                TIM8_TRG_COM_TIM14_IRQHandler
                0x08001550                LPTIM2_IRQHandler
                0x08001550                DFSDM1_FLT1_IRQHandler
                0x08001550                DMAMUX2_OVR_IRQHandler
                0x08001550                TIM8_UP_TIM13_IRQHandler
                0x08001550                I2C3_ER_IRQHandler
                0x08001550                DFSDM1_FLT2_IRQHandler
                0x08001550                MDMA_IRQHandler
                0x08001550                LPTIM3_IRQHandler
                0x08001550                HSEM1_IRQHandler
                0x08001550                EXTI0_IRQHandler
                0x08001550                I2C2_EV_IRQHandler
                0x08001550                DMA1_Stream2_IRQHandler
                0x08001550                FPU_IRQHandler
                0x08001550                OTG_HS_WKUP_IRQHandler
                0x08001550                FDCAN1_IT1_IRQHandler
                0x08001550                LTDC_ER_IRQHandler
                0x08001550                DMA2_Stream2_IRQHandler
                0x08001550                HRTIM1_TIME_IRQHandler
                0x08001550                SPI1_IRQHandler
                0x08001550                TIM6_DAC_IRQHandler
                0x08001550                HRTIM1_TIMC_IRQHandler
                0x08001550                DMA2_Stream3_IRQHandler
                0x08001550                SAI2_IRQHandler
                0x08001550                DFSDM1_FLT3_IRQHandler
                0x08001550                USART6_IRQHandler
                0x08001550                TIM17_IRQHandler
                0x08001550                USART3_IRQHandler
                0x08001550                BDMA_Channel7_IRQHandler
                0x08001550                CRYP_IRQHandler
                0x08001550                LPTIM5_IRQHandler
                0x08001550                UART5_IRQHandler
                0x08001550                ADC3_IRQHandler
                0x08001550                DMA2_Stream0_IRQHandler
                0x08001550                TIM4_IRQHandler
                0x08001550                BDMA_Channel2_IRQHandler
                0x08001550                QUADSPI_IRQHandler
                0x08001550                I2C1_EV_IRQHandler
                0x08001550                DMA1_Stream6_IRQHandler
                0x08001550                DMAMUX1_OVR_IRQHandler
                0x08001550                DMA1_Stream1_IRQHandler
                0x08001550                TIM16_IRQHandler
                0x08001550                UART4_IRQHandler
                0x08001550                BDMA_Channel5_IRQHandler
                0x08001550                TIM3_IRQHandler
                0x08001550                RCC_IRQHandler
                0x08001550                TIM8_BRK_TIM12_IRQHandler
                0x08001550                TIM1_TRG_COM_IRQHandler
                0x08001550                Default_Handler
                0x08001550                ECC_IRQHandler
                0x08001550                CEC_IRQHandler
                0x08001550                EXTI15_10_IRQHandler
                0x08001550                BDMA_Channel0_IRQHandler
                0x08001550                ADC_IRQHandler
                0x08001550                DMA1_Stream7_IRQHandler
                0x08001550                HRTIM1_TIMA_IRQHandler
                0x08001550                SPI5_IRQHandler
                0x08001550                TIM7_IRQHandler
                0x08001550                SDMMC1_IRQHandler
                0x08001550                TIM5_IRQHandler
                0x08001550                DMA2_Stream7_IRQHandler
                0x08001550                TIM15_IRQHandler
                0x08001550                PVD_AVD_IRQHandler
                0x08001550                I2C3_EV_IRQHandler
                0x08001550                EXTI9_5_IRQHandler
                0x08001550                RTC_WKUP_IRQHandler
                0x08001550                LTDC_IRQHandler
                0x08001550                SAI3_IRQHandler
                0x08001550                ETH_WKUP_IRQHandler
                0x08001550                SPDIF_RX_IRQHandler
                0x08001550                SPI2_IRQHandler
                0x08001550                OTG_HS_EP1_IN_IRQHandler
                0x08001550                CRS_IRQHandler
                0x08001550                EXTI4_IRQHandler
                0x08001550                HRTIM1_TIMB_IRQHandler
                0x08001550                FDCAN2_IT1_IRQHandler
                0x08001550                ETH_IRQHandler
                0x08001550                TIM1_UP_IRQHandler
                0x08001550                BDMA_Channel4_IRQHandler
                0x08001550                OTG_HS_EP1_OUT_IRQHandler
                0x08001550                WWDG_IRQHandler
                0x08001550                SPI6_IRQHandler
                0x08001550                MDIOS_IRQHandler
                0x08001550                I2C4_EV_IRQHandler
                0x08001550                FDCAN2_IT0_IRQHandler
                0x08001550                LPUART1_IRQHandler
                0x08001550                FDCAN1_IT0_IRQHandler
                0x08001550                TIM2_IRQHandler
                0x08001550                OTG_FS_WKUP_IRQHandler
                0x08001550                OTG_HS_IRQHandler
                0x08001550                DMA2D_IRQHandler
                0x08001550                TIM1_BRK_IRQHandler
                0x08001550                EXTI1_IRQHandler
                0x08001550                SDMMC2_IRQHandler
                0x08001550                OTG_FS_EP1_OUT_IRQHandler
                0x08001550                BDMA_Channel3_IRQHandler
                0x08001550                UART7_IRQHandler
                0x08001550                MDIOS_WKUP_IRQHandler
                0x08001550                USART2_IRQHandler
                0x08001550                DFSDM1_FLT0_IRQHandler
                0x08001550                SAI4_IRQHandler
                0x08001550                I2C2_ER_IRQHandler
                0x08001550                DMA2_Stream1_IRQHandler
                0x08001550                FLASH_IRQHandler
                0x08001550                DMA2_Stream4_IRQHandler
                0x08001550                USART1_IRQHandler
                0x08001550                OTG_FS_IRQHandler
                0x08001550                SPI3_IRQHandler
                0x08001550                WAKEUP_PIN_IRQHandler
                0x08001550                DMA1_Stream4_IRQHandler
                0x08001550                OTG_FS_EP1_IN_IRQHandler
                0x08001550                I2C1_ER_IRQHandler
                0x08001550                FMC_IRQHandler
                0x08001550                FDCAN_CAL_IRQHandler
                0x08001550                SWPMI1_IRQHandler
                0x08001550                COMP1_IRQHandler
                0x08001550                LPTIM1_IRQHandler
                0x08001550                I2C4_ER_IRQHandler
                0x08001550                DMA2_Stream6_IRQHandler
                0x08001550                SAI1_IRQHandler
                0x08001550                DMA1_Stream3_IRQHandler
 *fill*         0x08001552        0x2 
 .text.HAL_Init
                0x08001554       0x78 ./Drivers/STM32H7xx_HAL_Driver/Src/stm32h7xx_hal.o
                0x08001554                HAL_Init
 .text.HAL_InitTick
                0x080015cc       0x6c ./Drivers/STM32H7xx_HAL_Driver/Src/stm32h7xx_hal.o
                0x080015cc                HAL_InitTick
 .text.HAL_IncTick
                0x08001638       0x28 ./Drivers/STM32H7xx_HAL_Driver/Src/stm32h7xx_hal.o
                0x08001638                HAL_IncTick
 .text.HAL_GetTick
                0x08001660       0x18 ./Drivers/STM32H7xx_HAL_Driver/Src/stm32h7xx_hal.o
                0x08001660                HAL_GetTick
 .text.HAL_Delay
                0x08001678       0x48 ./Drivers/STM32H7xx_HAL_Driver/Src/stm32h7xx_hal.o
                0x08001678                HAL_Delay
 .text.HAL_GetREVID
                0x080016c0       0x18 ./Drivers/STM32H7xx_HAL_Driver/Src/stm32h7xx_hal.o
                0x080016c0                HAL_GetREVID
 .text.__NVIC_SetPriorityGrouping
                0x080016d8       0x48 ./Drivers/STM32H7xx_HAL_Driver/Src/stm32h7xx_hal_cortex.o
 .text.__NVIC_GetPriorityGrouping
                0x08001720       0x1c ./Drivers/STM32H7xx_HAL_Driver/Src/stm32h7xx_hal_cortex.o
 .text.__NVIC_EnableIRQ
                0x0800173c       0x3c ./Drivers/STM32H7xx_HAL_Driver/Src/stm32h7xx_hal_cortex.o
 .text.__NVIC_SetPriority
                0x08001778       0x54 ./Drivers/STM32H7xx_HAL_Driver/Src/stm32h7xx_hal_cortex.o
 .text.NVIC_EncodePriority
                0x080017cc       0x66 ./Drivers/STM32H7xx_HAL_Driver/Src/stm32h7xx_hal_cortex.o
 *fill*         0x08001832        0x2 
 .text.SysTick_Config
                0x08001834       0x44 ./Drivers/STM32H7xx_HAL_Driver/Src/stm32h7xx_hal_cortex.o
 .text.HAL_NVIC_SetPriorityGrouping
                0x08001878       0x16 ./Drivers/STM32H7xx_HAL_Driver/Src/stm32h7xx_hal_cortex.o
                0x08001878                HAL_NVIC_SetPriorityGrouping
 .text.HAL_NVIC_SetPriority
                0x0800188e       0x34 ./Drivers/STM32H7xx_HAL_Driver/Src/stm32h7xx_hal_cortex.o
                0x0800188e                HAL_NVIC_SetPriority
 .text.HAL_NVIC_EnableIRQ
                0x080018c2       0x1c ./Drivers/STM32H7xx_HAL_Driver/Src/stm32h7xx_hal_cortex.o
                0x080018c2                HAL_NVIC_EnableIRQ
 .text.HAL_SYSTICK_Config
                0x080018de       0x18 ./Drivers/STM32H7xx_HAL_Driver/Src/stm32h7xx_hal_cortex.o
                0x080018de                HAL_SYSTICK_Config
 *fill*         0x080018f6        0x2 
 .text.HAL_MPU_Disable
                0x080018f8       0x30 ./Drivers/STM32H7xx_HAL_Driver/Src/stm32h7xx_hal_cortex.o
                0x080018f8                HAL_MPU_Disable
 .text.HAL_MPU_Enable
                0x08001928       0x40 ./Drivers/STM32H7xx_HAL_Driver/Src/stm32h7xx_hal_cortex.o
                0x08001928                HAL_MPU_Enable
 .text.HAL_MPU_ConfigRegion
                0x08001968       0x80 ./Drivers/STM32H7xx_HAL_Driver/Src/stm32h7xx_hal_cortex.o
                0x08001968                HAL_MPU_ConfigRegion
 .text.HAL_DCMI_Init
                0x080019e8       0xf4 ./Drivers/STM32H7xx_HAL_Driver/Src/stm32h7xx_hal_dcmi.o
                0x080019e8                HAL_DCMI_Init
 .text.HAL_DCMI_Start_DMA
                0x08001adc      0x184 ./Drivers/STM32H7xx_HAL_Driver/Src/stm32h7xx_hal_dcmi.o
                0x08001adc                HAL_DCMI_Start_DMA
 .text.HAL_DCMI_Stop
                0x08001c60       0xc0 ./Drivers/STM32H7xx_HAL_Driver/Src/stm32h7xx_hal_dcmi.o
                0x08001c60                HAL_DCMI_Stop
 .text.HAL_DCMI_IRQHandler
                0x08001d20      0x104 ./Drivers/STM32H7xx_HAL_Driver/Src/stm32h7xx_hal_dcmi.o
                0x08001d20                HAL_DCMI_IRQHandler
 .text.HAL_DCMI_ErrorCallback
                0x08001e24       0x14 ./Drivers/STM32H7xx_HAL_Driver/Src/stm32h7xx_hal_dcmi.o
                0x08001e24                HAL_DCMI_ErrorCallback
 .text.HAL_DCMI_LineEventCallback
                0x08001e38       0x14 ./Drivers/STM32H7xx_HAL_Driver/Src/stm32h7xx_hal_dcmi.o
                0x08001e38                HAL_DCMI_LineEventCallback
 .text.DCMI_DMAXferCplt
                0x08001e4c      0x126 ./Drivers/STM32H7xx_HAL_Driver/Src/stm32h7xx_hal_dcmi.o
 .text.DCMI_DMAError
                0x08001f72       0x3a ./Drivers/STM32H7xx_HAL_Driver/Src/stm32h7xx_hal_dcmi.o
 .text.HAL_DMA_Init
                0x08001fac      0x6b8 ./Drivers/STM32H7xx_HAL_Driver/Src/stm32h7xx_hal_dma.o
                0x08001fac                HAL_DMA_Init
 .text.HAL_DMA_Start_IT
                0x08002664      0x4d4 ./Drivers/STM32H7xx_HAL_Driver/Src/stm32h7xx_hal_dma.o
                0x08002664                HAL_DMA_Start_IT
 .text.HAL_DMA_Abort
                0x08002b38      0x63c ./Drivers/STM32H7xx_HAL_Driver/Src/stm32h7xx_hal_dma.o
                0x08002b38                HAL_DMA_Abort
 .text.HAL_DMA_Abort_IT
                0x08003174      0x48c ./Drivers/STM32H7xx_HAL_Driver/Src/stm32h7xx_hal_dma.o
                0x08003174                HAL_DMA_Abort_IT
 .text.HAL_DMA_IRQHandler
                0x08003600      0xe54 ./Drivers/STM32H7xx_HAL_Driver/Src/stm32h7xx_hal_dma.o
                0x08003600                HAL_DMA_IRQHandler
 .text.DMA_SetConfig
                0x08004454      0x358 ./Drivers/STM32H7xx_HAL_Driver/Src/stm32h7xx_hal_dma.o
 .text.DMA_CalcBaseAndBitshift
                0x080047ac      0x164 ./Drivers/STM32H7xx_HAL_Driver/Src/stm32h7xx_hal_dma.o
 .text.DMA_CheckFifoParam
                0x08004910       0xf8 ./Drivers/STM32H7xx_HAL_Driver/Src/stm32h7xx_hal_dma.o
 .text.DMA_CalcDMAMUXChannelBaseAndMask
                0x08004a08      0x134 ./Drivers/STM32H7xx_HAL_Driver/Src/stm32h7xx_hal_dma.o
 .text.DMA_CalcDMAMUXRequestGenBaseAndMask
                0x08004b3c       0xe8 ./Drivers/STM32H7xx_HAL_Driver/Src/stm32h7xx_hal_dma.o
 .text.HAL_DMAEx_MultiBufferStart_IT
                0x08004c24      0x6bc ./Drivers/STM32H7xx_HAL_Driver/Src/stm32h7xx_hal_dma_ex.o
                0x08004c24                HAL_DMAEx_MultiBufferStart_IT
 .text.HAL_DMAEx_ChangeMemory
                0x080052e0      0x138 ./Drivers/STM32H7xx_HAL_Driver/Src/stm32h7xx_hal_dma_ex.o
                0x080052e0                HAL_DMAEx_ChangeMemory
 .text.DMA_MultiBufferSetConfig
                0x08005418      0x16c ./Drivers/STM32H7xx_HAL_Driver/Src/stm32h7xx_hal_dma_ex.o
 .text.HAL_GPIO_Init
                0x08005584      0x360 ./Drivers/STM32H7xx_HAL_Driver/Src/stm32h7xx_hal_gpio.o
                0x08005584                HAL_GPIO_Init
 .text.HAL_GPIO_WritePin
                0x080058e4       0x32 ./Drivers/STM32H7xx_HAL_Driver/Src/stm32h7xx_hal_gpio.o
                0x080058e4                HAL_GPIO_WritePin
 *fill*         0x08005916        0x2 
 .text.HAL_I2C_Init
                0x08005918      0x138 ./Drivers/STM32H7xx_HAL_Driver/Src/stm32h7xx_hal_i2c.o
                0x08005918                HAL_I2C_Init
 .text.HAL_I2C_Master_Transmit
                0x08005a50      0x230 ./Drivers/STM32H7xx_HAL_Driver/Src/stm32h7xx_hal_i2c.o
                0x08005a50                HAL_I2C_Master_Transmit
 .text.HAL_I2C_Master_Receive
                0x08005c80      0x1ec ./Drivers/STM32H7xx_HAL_Driver/Src/stm32h7xx_hal_i2c.o
                0x08005c80                HAL_I2C_Master_Receive
 .text.HAL_I2C_Mem_Write
                0x08005e6c      0x228 ./Drivers/STM32H7xx_HAL_Driver/Src/stm32h7xx_hal_i2c.o
                0x08005e6c                HAL_I2C_Mem_Write
 .text.I2C_RequestMemoryWrite
                0x08006094       0xa8 ./Drivers/STM32H7xx_HAL_Driver/Src/stm32h7xx_hal_i2c.o
 .text.I2C_Flush_TXDR
                0x0800613c       0x48 ./Drivers/STM32H7xx_HAL_Driver/Src/stm32h7xx_hal_i2c.o
 .text.I2C_WaitOnFlagUntilTimeout
                0x08006184       0xb2 ./Drivers/STM32H7xx_HAL_Driver/Src/stm32h7xx_hal_i2c.o
 .text.I2C_WaitOnTXISFlagUntilTimeout
                0x08006236       0x8e ./Drivers/STM32H7xx_HAL_Driver/Src/stm32h7xx_hal_i2c.o
 .text.I2C_WaitOnSTOPFlagUntilTimeout
                0x080062c4       0x86 ./Drivers/STM32H7xx_HAL_Driver/Src/stm32h7xx_hal_i2c.o
 *fill*         0x0800634a        0x2 
 .text.I2C_WaitOnRXNEFlagUntilTimeout
                0x0800634c      0x118 ./Drivers/STM32H7xx_HAL_Driver/Src/stm32h7xx_hal_i2c.o
 .text.I2C_IsErrorOccurred
                0x08006464      0x1c0 ./Drivers/STM32H7xx_HAL_Driver/Src/stm32h7xx_hal_i2c.o
 .text.I2C_TransferConfig
                0x08006624       0x64 ./Drivers/STM32H7xx_HAL_Driver/Src/stm32h7xx_hal_i2c.o
 .text.HAL_I2CEx_ConfigAnalogFilter
                0x08006688       0x96 ./Drivers/STM32H7xx_HAL_Driver/Src/stm32h7xx_hal_i2c_ex.o
                0x08006688                HAL_I2CEx_ConfigAnalogFilter
 .text.HAL_I2CEx_ConfigDigitalFilter
                0x0800671e       0x98 ./Drivers/STM32H7xx_HAL_Driver/Src/stm32h7xx_hal_i2c_ex.o
                0x0800671e                HAL_I2CEx_ConfigDigitalFilter
 *fill*         0x080067b6        0x2 
 .text.HAL_PWREx_ConfigSupply
                0x080067b8       0x74 ./Drivers/STM32H7xx_HAL_Driver/Src/stm32h7xx_hal_pwr_ex.o
                0x080067b8                HAL_PWREx_ConfigSupply
 .text.HAL_RCC_OscConfig
                0x0800682c      0x8b4 ./Drivers/STM32H7xx_HAL_Driver/Src/stm32h7xx_hal_rcc.o
                0x0800682c                HAL_RCC_OscConfig
 .text.HAL_RCC_ClockConfig
                0x080070e0      0x36c ./Drivers/STM32H7xx_HAL_Driver/Src/stm32h7xx_hal_rcc.o
                0x080070e0                HAL_RCC_ClockConfig
 .text.HAL_RCC_MCOConfig
                0x0800744c       0xd4 ./Drivers/STM32H7xx_HAL_Driver/Src/stm32h7xx_hal_rcc.o
                0x0800744c                HAL_RCC_MCOConfig
 .text.HAL_RCC_GetSysClockFreq
                0x08007520      0x2f4 ./Drivers/STM32H7xx_HAL_Driver/Src/stm32h7xx_hal_rcc.o
                0x08007520                HAL_RCC_GetSysClockFreq
 .text.HAL_RCCEx_PeriphCLKConfig
                0x08007814     0x1414 ./Drivers/STM32H7xx_HAL_Driver/Src/stm32h7xx_hal_rcc_ex.o
                0x08007814                HAL_RCCEx_PeriphCLKConfig
 .text.RCCEx_PLL2_Config
                0x08008c28      0x164 ./Drivers/STM32H7xx_HAL_Driver/Src/stm32h7xx_hal_rcc_ex.o
 .text.RCCEx_PLL3_Config
                0x08008d8c      0x164 ./Drivers/STM32H7xx_HAL_Driver/Src/stm32h7xx_hal_rcc_ex.o
 .text.HAL_SRAM_Init
                0x08008ef0       0xa0 ./Drivers/STM32H7xx_HAL_Driver/Src/stm32h7xx_hal_sram.o
                0x08008ef0                HAL_SRAM_Init
 .text.FMC_NORSRAM_Init
                0x08008f90      0x120 ./Drivers/STM32H7xx_HAL_Driver/Src/stm32h7xx_ll_fmc.o
                0x08008f90                FMC_NORSRAM_Init
 .text.FMC_NORSRAM_Timing_Init
                0x080090b0       0xa0 ./Drivers/STM32H7xx_HAL_Driver/Src/stm32h7xx_ll_fmc.o
                0x080090b0                FMC_NORSRAM_Timing_Init
 .text.FMC_NORSRAM_Extended_Timing_Init
                0x08009150       0x70 ./Drivers/STM32H7xx_HAL_Driver/Src/stm32h7xx_ll_fmc.o
                0x08009150                FMC_NORSRAM_Extended_Timing_Init
 .text.std      0x080091c0       0x6c D:/STM32cubeide/New folder/STM32CubeIDE_1.14.1/STM32CubeIDE/plugins/com.st.stm32cube.ide.mcu.externaltools.gnu-tools-for-stm32.12.3.rel1.win32_1.0.200.202406191623/tools/bin/../lib/gcc/arm-none-eabi/12.3.1/../../../../arm-none-eabi/lib/thumb/v7e-m+dp/hard\libc_nano.a(libc_a-findfp.o)
 .text.stdio_exit_handler
                0x0800922c       0x18 D:/STM32cubeide/New folder/STM32CubeIDE_1.14.1/STM32CubeIDE/plugins/com.st.stm32cube.ide.mcu.externaltools.gnu-tools-for-stm32.12.3.rel1.win32_1.0.200.202406191623/tools/bin/../lib/gcc/arm-none-eabi/12.3.1/../../../../arm-none-eabi/lib/thumb/v7e-m+dp/hard\libc_nano.a(libc_a-findfp.o)
 .text.cleanup_stdio
                0x08009244       0x40 D:/STM32cubeide/New folder/STM32CubeIDE_1.14.1/STM32CubeIDE/plugins/com.st.stm32cube.ide.mcu.externaltools.gnu-tools-for-stm32.12.3.rel1.win32_1.0.200.202406191623/tools/bin/../lib/gcc/arm-none-eabi/12.3.1/../../../../arm-none-eabi/lib/thumb/v7e-m+dp/hard\libc_nano.a(libc_a-findfp.o)
 .text.global_stdio_init.part.0
                0x08009284       0x3c D:/STM32cubeide/New folder/STM32CubeIDE_1.14.1/STM32CubeIDE/plugins/com.st.stm32cube.ide.mcu.externaltools.gnu-tools-for-stm32.12.3.rel1.win32_1.0.200.202406191623/tools/bin/../lib/gcc/arm-none-eabi/12.3.1/../../../../arm-none-eabi/lib/thumb/v7e-m+dp/hard\libc_nano.a(libc_a-findfp.o)
 .text.__sfp_lock_acquire
                0x080092c0        0xc D:/STM32cubeide/New folder/STM32CubeIDE_1.14.1/STM32CubeIDE/plugins/com.st.stm32cube.ide.mcu.externaltools.gnu-tools-for-stm32.12.3.rel1.win32_1.0.200.202406191623/tools/bin/../lib/gcc/arm-none-eabi/12.3.1/../../../../arm-none-eabi/lib/thumb/v7e-m+dp/hard\libc_nano.a(libc_a-findfp.o)
                0x080092c0                __sfp_lock_acquire
 .text.__sfp_lock_release
                0x080092cc        0xc D:/STM32cubeide/New folder/STM32CubeIDE_1.14.1/STM32CubeIDE/plugins/com.st.stm32cube.ide.mcu.externaltools.gnu-tools-for-stm32.12.3.rel1.win32_1.0.200.202406191623/tools/bin/../lib/gcc/arm-none-eabi/12.3.1/../../../../arm-none-eabi/lib/thumb/v7e-m+dp/hard\libc_nano.a(libc_a-findfp.o)
                0x080092cc                __sfp_lock_release
 .text.__sinit  0x080092d8       0x30 D:/STM32cubeide/New folder/STM32CubeIDE_1.14.1/STM32CubeIDE/plugins/com.st.stm32cube.ide.mcu.externaltools.gnu-tools-for-stm32.12.3.rel1.win32_1.0.200.202406191623/tools/bin/../lib/gcc/arm-none-eabi/12.3.1/../../../../arm-none-eabi/lib/thumb/v7e-m+dp/hard\libc_nano.a(libc_a-findfp.o)
                0x080092d8                __sinit
 .text._fwalk_sglue
                0x08009308       0x3c D:/STM32cubeide/New folder/STM32CubeIDE_1.14.1/STM32CubeIDE/plugins/com.st.stm32cube.ide.mcu.externaltools.gnu-tools-for-stm32.12.3.rel1.win32_1.0.200.202406191623/tools/bin/../lib/gcc/arm-none-eabi/12.3.1/../../../../arm-none-eabi/lib/thumb/v7e-m+dp/hard\libc_nano.a(libc_a-fwalk.o)
                0x08009308                _fwalk_sglue
 .text.printf   0x08009344       0x24 D:/STM32cubeide/New folder/STM32CubeIDE_1.14.1/STM32CubeIDE/plugins/com.st.stm32cube.ide.mcu.externaltools.gnu-tools-for-stm32.12.3.rel1.win32_1.0.200.202406191623/tools/bin/../lib/gcc/arm-none-eabi/12.3.1/../../../../arm-none-eabi/lib/thumb/v7e-m+dp/hard\libc_nano.a(libc_a-printf.o)
                0x08009344                iprintf
                0x08009344                printf
 .text.__sread  0x08009368       0x22 D:/STM32cubeide/New folder/STM32CubeIDE_1.14.1/STM32CubeIDE/plugins/com.st.stm32cube.ide.mcu.externaltools.gnu-tools-for-stm32.12.3.rel1.win32_1.0.200.202406191623/tools/bin/../lib/gcc/arm-none-eabi/12.3.1/../../../../arm-none-eabi/lib/thumb/v7e-m+dp/hard\libc_nano.a(libc_a-stdio.o)
                0x08009368                __sread
 .text.__swrite
                0x0800938a       0x38 D:/STM32cubeide/New folder/STM32CubeIDE_1.14.1/STM32CubeIDE/plugins/com.st.stm32cube.ide.mcu.externaltools.gnu-tools-for-stm32.12.3.rel1.win32_1.0.200.202406191623/tools/bin/../lib/gcc/arm-none-eabi/12.3.1/../../../../arm-none-eabi/lib/thumb/v7e-m+dp/hard\libc_nano.a(libc_a-stdio.o)
                0x0800938a                __swrite
 .text.__sseek  0x080093c2       0x24 D:/STM32cubeide/New folder/STM32CubeIDE_1.14.1/STM32CubeIDE/plugins/com.st.stm32cube.ide.mcu.externaltools.gnu-tools-for-stm32.12.3.rel1.win32_1.0.200.202406191623/tools/bin/../lib/gcc/arm-none-eabi/12.3.1/../../../../arm-none-eabi/lib/thumb/v7e-m+dp/hard\libc_nano.a(libc_a-stdio.o)
                0x080093c2                __sseek
 .text.__sclose
                0x080093e6        0x8 D:/STM32cubeide/New folder/STM32CubeIDE_1.14.1/STM32CubeIDE/plugins/com.st.stm32cube.ide.mcu.externaltools.gnu-tools-for-stm32.12.3.rel1.win32_1.0.200.202406191623/tools/bin/../lib/gcc/arm-none-eabi/12.3.1/../../../../arm-none-eabi/lib/thumb/v7e-m+dp/hard\libc_nano.a(libc_a-stdio.o)
                0x080093e6                __sclose
 .text.memset   0x080093ee       0x10 D:/STM32cubeide/New folder/STM32CubeIDE_1.14.1/STM32CubeIDE/plugins/com.st.stm32cube.ide.mcu.externaltools.gnu-tools-for-stm32.12.3.rel1.win32_1.0.200.202406191623/tools/bin/../lib/gcc/arm-none-eabi/12.3.1/../../../../arm-none-eabi/lib/thumb/v7e-m+dp/hard\libc_nano.a(libc_a-memset.o)
                0x080093ee                memset
 *fill*         0x080093fe        0x2 
 .text._close_r
                0x08009400       0x20 D:/STM32cubeide/New folder/STM32CubeIDE_1.14.1/STM32CubeIDE/plugins/com.st.stm32cube.ide.mcu.externaltools.gnu-tools-for-stm32.12.3.rel1.win32_1.0.200.202406191623/tools/bin/../lib/gcc/arm-none-eabi/12.3.1/../../../../arm-none-eabi/lib/thumb/v7e-m+dp/hard\libc_nano.a(libc_a-closer.o)
                0x08009400                _close_r
 .text._lseek_r
                0x08009420       0x24 D:/STM32cubeide/New folder/STM32CubeIDE_1.14.1/STM32CubeIDE/plugins/com.st.stm32cube.ide.mcu.externaltools.gnu-tools-for-stm32.12.3.rel1.win32_1.0.200.202406191623/tools/bin/../lib/gcc/arm-none-eabi/12.3.1/../../../../arm-none-eabi/lib/thumb/v7e-m+dp/hard\libc_nano.a(libc_a-lseekr.o)
                0x08009420                _lseek_r
 .text._read_r  0x08009444       0x24 D:/STM32cubeide/New folder/STM32CubeIDE_1.14.1/STM32CubeIDE/plugins/com.st.stm32cube.ide.mcu.externaltools.gnu-tools-for-stm32.12.3.rel1.win32_1.0.200.202406191623/tools/bin/../lib/gcc/arm-none-eabi/12.3.1/../../../../arm-none-eabi/lib/thumb/v7e-m+dp/hard\libc_nano.a(libc_a-readr.o)
                0x08009444                _read_r
 .text._write_r
                0x08009468       0x24 D:/STM32cubeide/New folder/STM32CubeIDE_1.14.1/STM32CubeIDE/plugins/com.st.stm32cube.ide.mcu.externaltools.gnu-tools-for-stm32.12.3.rel1.win32_1.0.200.202406191623/tools/bin/../lib/gcc/arm-none-eabi/12.3.1/../../../../arm-none-eabi/lib/thumb/v7e-m+dp/hard\libc_nano.a(libc_a-writer.o)
                0x08009468                _write_r
 .text.__errno  0x0800948c        0xc D:/STM32cubeide/New folder/STM32CubeIDE_1.14.1/STM32CubeIDE/plugins/com.st.stm32cube.ide.mcu.externaltools.gnu-tools-for-stm32.12.3.rel1.win32_1.0.200.202406191623/tools/bin/../lib/gcc/arm-none-eabi/12.3.1/../../../../arm-none-eabi/lib/thumb/v7e-m+dp/hard\libc_nano.a(libc_a-errno.o)
                0x0800948c                __errno
 .text.__libc_init_array
                0x08009498       0x48 D:/STM32cubeide/New folder/STM32CubeIDE_1.14.1/STM32CubeIDE/plugins/com.st.stm32cube.ide.mcu.externaltools.gnu-tools-for-stm32.12.3.rel1.win32_1.0.200.202406191623/tools/bin/../lib/gcc/arm-none-eabi/12.3.1/../../../../arm-none-eabi/lib/thumb/v7e-m+dp/hard\libc_nano.a(libc_a-init.o)
                0x08009498                __libc_init_array
 .text.__retarget_lock_init_recursive
                0x080094e0        0x2 D:/STM32cubeide/New folder/STM32CubeIDE_1.14.1/STM32CubeIDE/plugins/com.st.stm32cube.ide.mcu.externaltools.gnu-tools-for-stm32.12.3.rel1.win32_1.0.200.202406191623/tools/bin/../lib/gcc/arm-none-eabi/12.3.1/../../../../arm-none-eabi/lib/thumb/v7e-m+dp/hard\libc_nano.a(libc_a-lock.o)
                0x080094e0                __retarget_lock_init_recursive
 .text.__retarget_lock_acquire_recursive
                0x080094e2        0x2 D:/STM32cubeide/New folder/STM32CubeIDE_1.14.1/STM32CubeIDE/plugins/com.st.stm32cube.ide.mcu.externaltools.gnu-tools-for-stm32.12.3.rel1.win32_1.0.200.202406191623/tools/bin/../lib/gcc/arm-none-eabi/12.3.1/../../../../arm-none-eabi/lib/thumb/v7e-m+dp/hard\libc_nano.a(libc_a-lock.o)
                0x080094e2                __retarget_lock_acquire_recursive
 .text.__retarget_lock_release_recursive
                0x080094e4        0x2 D:/STM32cubeide/New folder/STM32CubeIDE_1.14.1/STM32CubeIDE/plugins/com.st.stm32cube.ide.mcu.externaltools.gnu-tools-for-stm32.12.3.rel1.win32_1.0.200.202406191623/tools/bin/../lib/gcc/arm-none-eabi/12.3.1/../../../../arm-none-eabi/lib/thumb/v7e-m+dp/hard\libc_nano.a(libc_a-lock.o)
                0x080094e4                __retarget_lock_release_recursive
 *fill*         0x080094e6        0x2 
 .text._free_r  0x080094e8       0x94 D:/STM32cubeide/New folder/STM32CubeIDE_1.14.1/STM32CubeIDE/plugins/com.st.stm32cube.ide.mcu.externaltools.gnu-tools-for-stm32.12.3.rel1.win32_1.0.200.202406191623/tools/bin/../lib/gcc/arm-none-eabi/12.3.1/../../../../arm-none-eabi/lib/thumb/v7e-m+dp/hard\libc_nano.a(libc_a-freer.o)
                0x080094e8                _free_r
 .text.sbrk_aligned
                0x0800957c       0x44 D:/STM32cubeide/New folder/STM32CubeIDE_1.14.1/STM32CubeIDE/plugins/com.st.stm32cube.ide.mcu.externaltools.gnu-tools-for-stm32.12.3.rel1.win32_1.0.200.202406191623/tools/bin/../lib/gcc/arm-none-eabi/12.3.1/../../../../arm-none-eabi/lib/thumb/v7e-m+dp/hard\libc_nano.a(libc_a-mallocr.o)
 .text._malloc_r
                0x080095c0      0x100 D:/STM32cubeide/New folder/STM32CubeIDE_1.14.1/STM32CubeIDE/plugins/com.st.stm32cube.ide.mcu.externaltools.gnu-tools-for-stm32.12.3.rel1.win32_1.0.200.202406191623/tools/bin/../lib/gcc/arm-none-eabi/12.3.1/../../../../arm-none-eabi/lib/thumb/v7e-m+dp/hard\libc_nano.a(libc_a-mallocr.o)
                0x080095c0                _malloc_r
 .text.__malloc_lock
                0x080096c0        0xc D:/STM32cubeide/New folder/STM32CubeIDE_1.14.1/STM32CubeIDE/plugins/com.st.stm32cube.ide.mcu.externaltools.gnu-tools-for-stm32.12.3.rel1.win32_1.0.200.202406191623/tools/bin/../lib/gcc/arm-none-eabi/12.3.1/../../../../arm-none-eabi/lib/thumb/v7e-m+dp/hard\libc_nano.a(libc_a-mlock.o)
                0x080096c0                __malloc_lock
 .text.__malloc_unlock
                0x080096cc        0xc D:/STM32cubeide/New folder/STM32CubeIDE_1.14.1/STM32CubeIDE/plugins/com.st.stm32cube.ide.mcu.externaltools.gnu-tools-for-stm32.12.3.rel1.win32_1.0.200.202406191623/tools/bin/../lib/gcc/arm-none-eabi/12.3.1/../../../../arm-none-eabi/lib/thumb/v7e-m+dp/hard\libc_nano.a(libc_a-mlock.o)
                0x080096cc                __malloc_unlock
 .text.__sfputc_r
                0x080096d8       0x2e D:/STM32cubeide/New folder/STM32CubeIDE_1.14.1/STM32CubeIDE/plugins/com.st.stm32cube.ide.mcu.externaltools.gnu-tools-for-stm32.12.3.rel1.win32_1.0.200.202406191623/tools/bin/../lib/gcc/arm-none-eabi/12.3.1/../../../../arm-none-eabi/lib/thumb/v7e-m+dp/hard\libc_nano.a(libc_a-nano-vfprintf.o)
 .text.__sfputs_r
                0x08009706       0x24 D:/STM32cubeide/New folder/STM32CubeIDE_1.14.1/STM32CubeIDE/plugins/com.st.stm32cube.ide.mcu.externaltools.gnu-tools-for-stm32.12.3.rel1.win32_1.0.200.202406191623/tools/bin/../lib/gcc/arm-none-eabi/12.3.1/../../../../arm-none-eabi/lib/thumb/v7e-m+dp/hard\libc_nano.a(libc_a-nano-vfprintf.o)
                0x08009706                __sfputs_r
 *fill*         0x0800972a        0x2 
 .text._vfprintf_r
                0x0800972c      0x230 D:/STM32cubeide/New folder/STM32CubeIDE_1.14.1/STM32CubeIDE/plugins/com.st.stm32cube.ide.mcu.externaltools.gnu-tools-for-stm32.12.3.rel1.win32_1.0.200.202406191623/tools/bin/../lib/gcc/arm-none-eabi/12.3.1/../../../../arm-none-eabi/lib/thumb/v7e-m+dp/hard\libc_nano.a(libc_a-nano-vfprintf.o)
                0x0800972c                _vfprintf_r
                0x0800972c                _vfiprintf_r
 .text._printf_common
                0x0800995c       0xda D:/STM32cubeide/New folder/STM32CubeIDE_1.14.1/STM32CubeIDE/plugins/com.st.stm32cube.ide.mcu.externaltools.gnu-tools-for-stm32.12.3.rel1.win32_1.0.200.202406191623/tools/bin/../lib/gcc/arm-none-eabi/12.3.1/../../../../arm-none-eabi/lib/thumb/v7e-m+dp/hard\libc_nano.a(libc_a-nano-vfprintf_i.o)
                0x0800995c                _printf_common
 *fill*         0x08009a36        0x2 
 .text._printf_i
                0x08009a38      0x240 D:/STM32cubeide/New folder/STM32CubeIDE_1.14.1/STM32CubeIDE/plugins/com.st.stm32cube.ide.mcu.externaltools.gnu-tools-for-stm32.12.3.rel1.win32_1.0.200.202406191623/tools/bin/../lib/gcc/arm-none-eabi/12.3.1/../../../../arm-none-eabi/lib/thumb/v7e-m+dp/hard\libc_nano.a(libc_a-nano-vfprintf_i.o)
                0x08009a38                _printf_i
 .text.__sflush_r
                0x08009c78      0x108 D:/STM32cubeide/New folder/STM32CubeIDE_1.14.1/STM32CubeIDE/plugins/com.st.stm32cube.ide.mcu.externaltools.gnu-tools-for-stm32.12.3.rel1.win32_1.0.200.202406191623/tools/bin/../lib/gcc/arm-none-eabi/12.3.1/../../../../arm-none-eabi/lib/thumb/v7e-m+dp/hard\libc_nano.a(libc_a-fflush.o)
                0x08009c78                __sflush_r
 .text._fflush_r
                0x08009d80       0x50 D:/STM32cubeide/New folder/STM32CubeIDE_1.14.1/STM32CubeIDE/plugins/com.st.stm32cube.ide.mcu.externaltools.gnu-tools-for-stm32.12.3.rel1.win32_1.0.200.202406191623/tools/bin/../lib/gcc/arm-none-eabi/12.3.1/../../../../arm-none-eabi/lib/thumb/v7e-m+dp/hard\libc_nano.a(libc_a-fflush.o)
                0x08009d80                _fflush_r
 .text.__swbuf_r
                0x08009dd0       0x7c D:/STM32cubeide/New folder/STM32CubeIDE_1.14.1/STM32CubeIDE/plugins/com.st.stm32cube.ide.mcu.externaltools.gnu-tools-for-stm32.12.3.rel1.win32_1.0.200.202406191623/tools/bin/../lib/gcc/arm-none-eabi/12.3.1/../../../../arm-none-eabi/lib/thumb/v7e-m+dp/hard\libc_nano.a(libc_a-wbuf.o)
                0x08009dd0                __swbuf_r
 .text.__swsetup_r
                0x08009e4c       0xac D:/STM32cubeide/New folder/STM32CubeIDE_1.14.1/STM32CubeIDE/plugins/com.st.stm32cube.ide.mcu.externaltools.gnu-tools-for-stm32.12.3.rel1.win32_1.0.200.202406191623/tools/bin/../lib/gcc/arm-none-eabi/12.3.1/../../../../arm-none-eabi/lib/thumb/v7e-m+dp/hard\libc_nano.a(libc_a-wsetup.o)
                0x08009e4c                __swsetup_r
 .text._sbrk_r  0x08009ef8       0x20 D:/STM32cubeide/New folder/STM32CubeIDE_1.14.1/STM32CubeIDE/plugins/com.st.stm32cube.ide.mcu.externaltools.gnu-tools-for-stm32.12.3.rel1.win32_1.0.200.202406191623/tools/bin/../lib/gcc/arm-none-eabi/12.3.1/../../../../arm-none-eabi/lib/thumb/v7e-m+dp/hard\libc_nano.a(libc_a-sbrkr.o)
                0x08009ef8                _sbrk_r
 .text.__swhatbuf_r
                0x08009f18       0x4c D:/STM32cubeide/New folder/STM32CubeIDE_1.14.1/STM32CubeIDE/plugins/com.st.stm32cube.ide.mcu.externaltools.gnu-tools-for-stm32.12.3.rel1.win32_1.0.200.202406191623/tools/bin/../lib/gcc/arm-none-eabi/12.3.1/../../../../arm-none-eabi/lib/thumb/v7e-m+dp/hard\libc_nano.a(libc_a-makebuf.o)
                0x08009f18                __swhatbuf_r
 .text.__smakebuf_r
                0x08009f64       0x78 D:/STM32cubeide/New folder/STM32CubeIDE_1.14.1/STM32CubeIDE/plugins/com.st.stm32cube.ide.mcu.externaltools.gnu-tools-for-stm32.12.3.rel1.win32_1.0.200.202406191623/tools/bin/../lib/gcc/arm-none-eabi/12.3.1/../../../../arm-none-eabi/lib/thumb/v7e-m+dp/hard\libc_nano.a(libc_a-makebuf.o)
                0x08009f64                __smakebuf_r
 .text._fstat_r
                0x08009fdc       0x24 D:/STM32cubeide/New folder/STM32CubeIDE_1.14.1/STM32CubeIDE/plugins/com.st.stm32cube.ide.mcu.externaltools.gnu-tools-for-stm32.12.3.rel1.win32_1.0.200.202406191623/tools/bin/../lib/gcc/arm-none-eabi/12.3.1/../../../../arm-none-eabi/lib/thumb/v7e-m+dp/hard\libc_nano.a(libc_a-fstatr.o)
                0x08009fdc                _fstat_r
 .text._isatty_r
                0x0800a000       0x20 D:/STM32cubeide/New folder/STM32CubeIDE_1.14.1/STM32CubeIDE/plugins/com.st.stm32cube.ide.mcu.externaltools.gnu-tools-for-stm32.12.3.rel1.win32_1.0.200.202406191623/tools/bin/../lib/gcc/arm-none-eabi/12.3.1/../../../../arm-none-eabi/lib/thumb/v7e-m+dp/hard\libc_nano.a(libc_a-isattyr.o)
                0x0800a000                _isatty_r
 *(.glue_7)
 .glue_7        0x0800a020        0x0 linker stubs
 *(.glue_7t)
 .glue_7t       0x0800a020        0x0 linker stubs
 *(.eh_frame)
 .eh_frame      0x0800a020        0x0 D:/STM32cubeide/New folder/STM32CubeIDE_1.14.1/STM32CubeIDE/plugins/com.st.stm32cube.ide.mcu.externaltools.gnu-tools-for-stm32.12.3.rel1.win32_1.0.200.202406191623/tools/bin/../lib/gcc/arm-none-eabi/12.3.1/thumb/v7e-m+dp/hard/crtbegin.o
 *(.init)
 .init          0x0800a020        0x4 D:/STM32cubeide/New folder/STM32CubeIDE_1.14.1/STM32CubeIDE/plugins/com.st.stm32cube.ide.mcu.externaltools.gnu-tools-for-stm32.12.3.rel1.win32_1.0.200.202406191623/tools/bin/../lib/gcc/arm-none-eabi/12.3.1/thumb/v7e-m+dp/hard/crti.o
                0x0800a020                _init
 .init          0x0800a024        0x8 D:/STM32cubeide/New folder/STM32CubeIDE_1.14.1/STM32CubeIDE/plugins/com.st.stm32cube.ide.mcu.externaltools.gnu-tools-for-stm32.12.3.rel1.win32_1.0.200.202406191623/tools/bin/../lib/gcc/arm-none-eabi/12.3.1/thumb/v7e-m+dp/hard/crtn.o
 *(.fini)
 .fini          0x0800a02c        0x4 D:/STM32cubeide/New folder/STM32CubeIDE_1.14.1/STM32CubeIDE/plugins/com.st.stm32cube.ide.mcu.externaltools.gnu-tools-for-stm32.12.3.rel1.win32_1.0.200.202406191623/tools/bin/../lib/gcc/arm-none-eabi/12.3.1/thumb/v7e-m+dp/hard/crti.o
                0x0800a02c                _fini
 .fini          0x0800a030        0x8 D:/STM32cubeide/New folder/STM32CubeIDE_1.14.1/STM32CubeIDE/plugins/com.st.stm32cube.ide.mcu.externaltools.gnu-tools-for-stm32.12.3.rel1.win32_1.0.200.202406191623/tools/bin/../lib/gcc/arm-none-eabi/12.3.1/thumb/v7e-m+dp/hard/crtn.o
                0x0800a038                        . = ALIGN (0x4)
                0x0800a038                        _etext = .

.vfp11_veneer   0x0800a038        0x0
 .vfp11_veneer  0x0800a038        0x0 linker stubs

.v4_bx          0x0800a038        0x0
 .v4_bx         0x0800a038        0x0 linker stubs

.iplt           0x0800a038        0x0
 .iplt          0x0800a038        0x0 D:/STM32cubeide/New folder/STM32CubeIDE_1.14.1/STM32CubeIDE/plugins/com.st.stm32cube.ide.mcu.externaltools.gnu-tools-for-stm32.12.3.rel1.win32_1.0.200.202406191623/tools/bin/../lib/gcc/arm-none-eabi/12.3.1/thumb/v7e-m+dp/hard/crtbegin.o

.rodata         0x0800a038       0xc0
                0x0800a038                        . = ALIGN (0x4)
 *(.rodata)
 .rodata        0x0800a038       0x18 ./Core/Src/ov7670.o
 *(.rodata*)
 .rodata.OV7670_reg
                0x0800a050       0x5a ./Core/Src/ov7670.o
                0x0800a050                OV7670_reg
 *fill*         0x0800a0aa        0x2 
 .rodata.D1CorePrescTable
                0x0800a0ac       0x10 ./Core/Src/system_stm32h7xx.o
                0x0800a0ac                D1CorePrescTable
 .rodata.flagBitshiftOffset.0
                0x0800a0bc        0x8 ./Drivers/STM32H7xx_HAL_Driver/Src/stm32h7xx_hal_dma.o
 .rodata._vfprintf_r.str1.1
                0x0800a0c4       0x11 D:/STM32cubeide/New folder/STM32CubeIDE_1.14.1/STM32CubeIDE/plugins/com.st.stm32cube.ide.mcu.externaltools.gnu-tools-for-stm32.12.3.rel1.win32_1.0.200.202406191623/tools/bin/../lib/gcc/arm-none-eabi/12.3.1/../../../../arm-none-eabi/lib/thumb/v7e-m+dp/hard\libc_nano.a(libc_a-nano-vfprintf.o)
 .rodata._printf_i.str1.1
                0x0800a0d5       0x22 D:/STM32cubeide/New folder/STM32CubeIDE_1.14.1/STM32CubeIDE/plugins/com.st.stm32cube.ide.mcu.externaltools.gnu-tools-for-stm32.12.3.rel1.win32_1.0.200.202406191623/tools/bin/../lib/gcc/arm-none-eabi/12.3.1/../../../../arm-none-eabi/lib/thumb/v7e-m+dp/hard\libc_nano.a(libc_a-nano-vfprintf_i.o)
                0x0800a0f8                        . = ALIGN (0x4)
 *fill*         0x0800a0f7        0x1 

.ARM.extab
 *(.ARM.extab* .gnu.linkonce.armextab.*)

.ARM            0x0800a0f8        0x8
                0x0800a0f8                        __exidx_start = .
 *(.ARM.exidx*)
 .ARM.exidx     0x0800a0f8        0x8 D:/STM32cubeide/New folder/STM32CubeIDE_1.14.1/STM32CubeIDE/plugins/com.st.stm32cube.ide.mcu.externaltools.gnu-tools-for-stm32.12.3.rel1.win32_1.0.200.202406191623/tools/bin/../lib/gcc/arm-none-eabi/12.3.1/../../../../arm-none-eabi/lib/thumb/v7e-m+dp/hard\libc_nano.a(libc_a-memchr.o)
                0x0800a100                        __exidx_end = .

.preinit_array  0x0800a100        0x0
                0x0800a100                        PROVIDE (__preinit_array_start = .)
 *(.preinit_array*)
                0x0800a100                        PROVIDE (__preinit_array_end = .)

.init_array     0x0800a100        0x4
                0x0800a100                        PROVIDE (__init_array_start = .)
 *(SORT_BY_NAME(.init_array.*))
 *(.init_array*)
 .init_array    0x0800a100        0x4 D:/STM32cubeide/New folder/STM32CubeIDE_1.14.1/STM32CubeIDE/plugins/com.st.stm32cube.ide.mcu.externaltools.gnu-tools-for-stm32.12.3.rel1.win32_1.0.200.202406191623/tools/bin/../lib/gcc/arm-none-eabi/12.3.1/thumb/v7e-m+dp/hard/crtbegin.o
                0x0800a104                        PROVIDE (__init_array_end = .)

.fini_array     0x0800a104        0x4
                [!provide]                        PROVIDE (__fini_array_start = .)
 *(SORT_BY_NAME(.fini_array.*))
 *(.fini_array*)
 .fini_array    0x0800a104        0x4 D:/STM32cubeide/New folder/STM32CubeIDE_1.14.1/STM32CubeIDE/plugins/com.st.stm32cube.ide.mcu.externaltools.gnu-tools-for-stm32.12.3.rel1.win32_1.0.200.202406191623/tools/bin/../lib/gcc/arm-none-eabi/12.3.1/thumb/v7e-m+dp/hard/crtbegin.o
                [!provide]                        PROVIDE (__fini_array_end = .)
                0x0800a108                        _sidata = LOADADDR (.data)

.rel.dyn        0x0800a108        0x0
 .rel.iplt      0x0800a108        0x0 D:/STM32cubeide/New folder/STM32CubeIDE_1.14.1/STM32CubeIDE/plugins/com.st.stm32cube.ide.mcu.externaltools.gnu-tools-for-stm32.12.3.rel1.win32_1.0.200.202406191623/tools/bin/../lib/gcc/arm-none-eabi/12.3.1/thumb/v7e-m+dp/hard/crtbegin.o

.data           0x24000000       0x6c load address 0x0800a108
                0x24000000                        . = ALIGN (0x4)
                0x24000000                        _sdata = .
 *(.data)
 *(.data*)
 .data.SystemCoreClock
                0x24000000        0x4 ./Core/Src/system_stm32h7xx.o
                0x24000000                SystemCoreClock
 .data.SystemD2Clock
                0x24000004        0x4 ./Core/Src/system_stm32h7xx.o
                0x24000004                SystemD2Clock
 .data.uwTickPrio
                0x24000008        0x4 ./Drivers/STM32H7xx_HAL_Driver/Src/stm32h7xx_hal.o
                0x24000008                uwTickPrio
 .data.uwTickFreq
                0x2400000c        0x1 ./Drivers/STM32H7xx_HAL_Driver/Src/stm32h7xx_hal.o
                0x2400000c                uwTickFreq
 *fill*         0x2400000d        0x3 
 .data.__sglue  0x24000010        0xc D:/STM32cubeide/New folder/STM32CubeIDE_1.14.1/STM32CubeIDE/plugins/com.st.stm32cube.ide.mcu.externaltools.gnu-tools-for-stm32.12.3.rel1.win32_1.0.200.202406191623/tools/bin/../lib/gcc/arm-none-eabi/12.3.1/../../../../arm-none-eabi/lib/thumb/v7e-m+dp/hard\libc_nano.a(libc_a-findfp.o)
                0x24000010                __sglue
 .data._impure_ptr
                0x2400001c        0x4 D:/STM32cubeide/New folder/STM32CubeIDE_1.14.1/STM32CubeIDE/plugins/com.st.stm32cube.ide.mcu.externaltools.gnu-tools-for-stm32.12.3.rel1.win32_1.0.200.202406191623/tools/bin/../lib/gcc/arm-none-eabi/12.3.1/../../../../arm-none-eabi/lib/thumb/v7e-m+dp/hard\libc_nano.a(libc_a-impure.o)
                0x2400001c                _impure_ptr
 .data._impure_data
                0x24000020       0x4c D:/STM32cubeide/New folder/STM32CubeIDE_1.14.1/STM32CubeIDE/plugins/com.st.stm32cube.ide.mcu.externaltools.gnu-tools-for-stm32.12.3.rel1.win32_1.0.200.202406191623/tools/bin/../lib/gcc/arm-none-eabi/12.3.1/../../../../arm-none-eabi/lib/thumb/v7e-m+dp/hard\libc_nano.a(libc_a-impure.o)
                0x24000020                _impure_data
 *(.RamFunc)
 *(.RamFunc*)
                0x2400006c                        . = ALIGN (0x4)
                0x2400006c                        _edata = .

.igot.plt       0x2400006c        0x0 load address 0x0800a174
 .igot.plt      0x2400006c        0x0 D:/STM32cubeide/New folder/STM32CubeIDE_1.14.1/STM32CubeIDE/plugins/com.st.stm32cube.ide.mcu.externaltools.gnu-tools-for-stm32.12.3.rel1.win32_1.0.200.202406191623/tools/bin/../lib/gcc/arm-none-eabi/12.3.1/thumb/v7e-m+dp/hard/crtbegin.o
                0x2400006c                        . = ALIGN (0x4)

.bss            0x2400006c      0x2f8 load address 0x0800a174
                0x2400006c                        _sbss = .
                0x2400006c                        __bss_start__ = _sbss
 *(.bss)
 .bss           0x2400006c       0x1c D:/STM32cubeide/New folder/STM32CubeIDE_1.14.1/STM32CubeIDE/plugins/com.st.stm32cube.ide.mcu.externaltools.gnu-tools-for-stm32.12.3.rel1.win32_1.0.200.202406191623/tools/bin/../lib/gcc/arm-none-eabi/12.3.1/thumb/v7e-m+dp/hard/crtbegin.o
 *(.bss*)
 .bss.hdcmi     0x24000088       0x50 ./Core/Src/main.o
                0x24000088                hdcmi
 .bss.hdma_dcmi
                0x240000d8       0x78 ./Core/Src/main.o
                0x240000d8                hdma_dcmi
 .bss.hi2c2     0x24000150       0x54 ./Core/Src/main.o
                0x24000150                hi2c2
 .bss.hsram1    0x240001a4       0x4c ./Core/Src/main.o
                0x240001a4                hsram1
 .bss.sp_hdcmi  0x240001f0        0x4 ./Core/Src/ov7670.o
 .bss.sp_hdma_dcmi
                0x240001f4        0x4 ./Core/Src/ov7670.o
 .bss.sp_hi2c   0x240001f8        0x4 ./Core/Src/ov7670.o
 .bss.s_destAddressForContiuousMode
                0x240001fc        0x4 ./Core/Src/ov7670.o
 .bss.s_cbVsync
                0x24000200        0x4 ./Core/Src/ov7670.o
 .bss.s_currentH
                0x24000204        0x4 ./Core/Src/ov7670.o
 .bss.s_currentV
                0x24000208        0x4 ./Core/Src/ov7670.o
 .bss.FMC_Initialized
                0x2400020c        0x4 ./Core/Src/stm32h7xx_hal_msp.o
 .bss.__sbrk_heap_end
                0x24000210        0x4 ./Core/Src/sysmem.o
 .bss.uwTick    0x24000214        0x4 ./Drivers/STM32H7xx_HAL_Driver/Src/stm32h7xx_hal.o
                0x24000214                uwTick
 .bss.__sf      0x24000218      0x138 D:/STM32cubeide/New folder/STM32CubeIDE_1.14.1/STM32CubeIDE/plugins/com.st.stm32cube.ide.mcu.externaltools.gnu-tools-for-stm32.12.3.rel1.win32_1.0.200.202406191623/tools/bin/../lib/gcc/arm-none-eabi/12.3.1/../../../../arm-none-eabi/lib/thumb/v7e-m+dp/hard\libc_nano.a(libc_a-findfp.o)
                0x24000218                __sf
 .bss.__stdio_exit_handler
                0x24000350        0x4 D:/STM32cubeide/New folder/STM32CubeIDE_1.14.1/STM32CubeIDE/plugins/com.st.stm32cube.ide.mcu.externaltools.gnu-tools-for-stm32.12.3.rel1.win32_1.0.200.202406191623/tools/bin/../lib/gcc/arm-none-eabi/12.3.1/../../../../arm-none-eabi/lib/thumb/v7e-m+dp/hard\libc_nano.a(libc_a-findfp.o)
                0x24000350                __stdio_exit_handler
 .bss.errno     0x24000354        0x4 D:/STM32cubeide/New folder/STM32CubeIDE_1.14.1/STM32CubeIDE/plugins/com.st.stm32cube.ide.mcu.externaltools.gnu-tools-for-stm32.12.3.rel1.win32_1.0.200.202406191623/tools/bin/../lib/gcc/arm-none-eabi/12.3.1/../../../../arm-none-eabi/lib/thumb/v7e-m+dp/hard\libc_nano.a(libc_a-reent.o)
                0x24000354                errno
 .bss.__lock___malloc_recursive_mutex
                0x24000358        0x1 D:/STM32cubeide/New folder/STM32CubeIDE_1.14.1/STM32CubeIDE/plugins/com.st.stm32cube.ide.mcu.externaltools.gnu-tools-for-stm32.12.3.rel1.win32_1.0.200.202406191623/tools/bin/../lib/gcc/arm-none-eabi/12.3.1/../../../../arm-none-eabi/lib/thumb/v7e-m+dp/hard\libc_nano.a(libc_a-lock.o)
                0x24000358                __lock___malloc_recursive_mutex
 .bss.__lock___sfp_recursive_mutex
                0x24000359        0x1 D:/STM32cubeide/New folder/STM32CubeIDE_1.14.1/STM32CubeIDE/plugins/com.st.stm32cube.ide.mcu.externaltools.gnu-tools-for-stm32.12.3.rel1.win32_1.0.200.202406191623/tools/bin/../lib/gcc/arm-none-eabi/12.3.1/../../../../arm-none-eabi/lib/thumb/v7e-m+dp/hard\libc_nano.a(libc_a-lock.o)
                0x24000359                __lock___sfp_recursive_mutex
 *fill*         0x2400035a        0x2 
 .bss.__malloc_sbrk_start
                0x2400035c        0x4 D:/STM32cubeide/New folder/STM32CubeIDE_1.14.1/STM32CubeIDE/plugins/com.st.stm32cube.ide.mcu.externaltools.gnu-tools-for-stm32.12.3.rel1.win32_1.0.200.202406191623/tools/bin/../lib/gcc/arm-none-eabi/12.3.1/../../../../arm-none-eabi/lib/thumb/v7e-m+dp/hard\libc_nano.a(libc_a-mallocr.o)
                0x2400035c                __malloc_sbrk_start
 .bss.__malloc_free_list
                0x24000360        0x4 D:/STM32cubeide/New folder/STM32CubeIDE_1.14.1/STM32CubeIDE/plugins/com.st.stm32cube.ide.mcu.externaltools.gnu-tools-for-stm32.12.3.rel1.win32_1.0.200.202406191623/tools/bin/../lib/gcc/arm-none-eabi/12.3.1/../../../../arm-none-eabi/lib/thumb/v7e-m+dp/hard\libc_nano.a(libc_a-mallocr.o)
                0x24000360                __malloc_free_list
 *(COMMON)
                0x24000364                        . = ALIGN (0x4)
                0x24000364                        _ebss = .
                0x24000364                        __bss_end__ = _ebss

._user_heap_stack
                0x24000364      0x604 load address 0x0800a174
                0x24000368                        . = ALIGN (0x8)
 *fill*         0x24000364        0x4 
                [!provide]                        PROVIDE (end = .)
                0x24000368                        PROVIDE (_end = .)
                0x24000568                        . = (. + _Min_Heap_Size)
 *fill*         0x24000368      0x200 
                0x24000968                        . = (. + _Min_Stack_Size)
 *fill*         0x24000568      0x400 
                0x24000968                        . = ALIGN (0x8)

/DISCARD/
 libc.a(*)
 libm.a(*)
 libgcc.a(*)

.ARM.attributes
                0x00000000       0x2e
 *(.ARM.attributes)
 .ARM.attributes
                0x00000000       0x20 D:/STM32cubeide/New folder/STM32CubeIDE_1.14.1/STM32CubeIDE/plugins/com.st.stm32cube.ide.mcu.externaltools.gnu-tools-for-stm32.12.3.rel1.win32_1.0.200.202406191623/tools/bin/../lib/gcc/arm-none-eabi/12.3.1/thumb/v7e-m+dp/hard/crti.o
 .ARM.attributes
                0x00000020       0x32 D:/STM32cubeide/New folder/STM32CubeIDE_1.14.1/STM32CubeIDE/plugins/com.st.stm32cube.ide.mcu.externaltools.gnu-tools-for-stm32.12.3.rel1.win32_1.0.200.202406191623/tools/bin/../lib/gcc/arm-none-eabi/12.3.1/thumb/v7e-m+dp/hard/crtbegin.o
 .ARM.attributes
                0x00000052       0x32 ./Core/Src/lcdIli9341.o
 .ARM.attributes
                0x00000084       0x32 ./Core/Src/main.o
 .ARM.attributes
                0x000000b6       0x32 ./Core/Src/ov7670.o
 .ARM.attributes
                0x000000e8       0x32 ./Core/Src/stm32h7xx_hal_msp.o
 .ARM.attributes
                0x0000011a       0x32 ./Core/Src/stm32h7xx_it.o
 .ARM.attributes
                0x0000014c       0x32 ./Core/Src/syscalls.o
 .ARM.attributes
                0x0000017e       0x32 ./Core/Src/sysmem.o
 .ARM.attributes
                0x000001b0       0x32 ./Core/Src/system_stm32h7xx.o
 .ARM.attributes
                0x000001e2       0x21 ./Core/Startup/startup_stm32h750vbtx.o
 .ARM.attributes
                0x00000203       0x32 ./Drivers/STM32H7xx_HAL_Driver/Src/stm32h7xx_hal.o
 .ARM.attributes
                0x00000235       0x32 ./Drivers/STM32H7xx_HAL_Driver/Src/stm32h7xx_hal_cortex.o
 .ARM.attributes
                0x00000267       0x32 ./Drivers/STM32H7xx_HAL_Driver/Src/stm32h7xx_hal_dcmi.o
 .ARM.attributes
                0x00000299       0x32 ./Drivers/STM32H7xx_HAL_Driver/Src/stm32h7xx_hal_dma.o
 .ARM.attributes
                0x000002cb       0x32 ./Drivers/STM32H7xx_HAL_Driver/Src/stm32h7xx_hal_dma_ex.o
 .ARM.attributes
                0x000002fd       0x32 ./Drivers/STM32H7xx_HAL_Driver/Src/stm32h7xx_hal_gpio.o
 .ARM.attributes
                0x0000032f       0x32 ./Drivers/STM32H7xx_HAL_Driver/Src/stm32h7xx_hal_i2c.o
 .ARM.attributes
                0x00000361       0x32 ./Drivers/STM32H7xx_HAL_Driver/Src/stm32h7xx_hal_i2c_ex.o
 .ARM.attributes
                0x00000393       0x32 ./Drivers/STM32H7xx_HAL_Driver/Src/stm32h7xx_hal_pwr_ex.o
 .ARM.attributes
                0x000003c5       0x32 ./Drivers/STM32H7xx_HAL_Driver/Src/stm32h7xx_hal_rcc.o
 .ARM.attributes
                0x000003f7       0x32 ./Drivers/STM32H7xx_HAL_Driver/Src/stm32h7xx_hal_rcc_ex.o
 .ARM.attributes
                0x00000429       0x32 ./Drivers/STM32H7xx_HAL_Driver/Src/stm32h7xx_hal_sram.o
 .ARM.attributes
                0x0000045b       0x32 ./Drivers/STM32H7xx_HAL_Driver/Src/stm32h7xx_ll_fmc.o
 .ARM.attributes
                0x0000048d       0x32 D:/STM32cubeide/New folder/STM32CubeIDE_1.14.1/STM32CubeIDE/plugins/com.st.stm32cube.ide.mcu.externaltools.gnu-tools-for-stm32.12.3.rel1.win32_1.0.200.202406191623/tools/bin/../lib/gcc/arm-none-eabi/12.3.1/../../../../arm-none-eabi/lib/thumb/v7e-m+dp/hard\libc_nano.a(libc_a-findfp.o)
 .ARM.attributes
                0x000004bf       0x32 D:/STM32cubeide/New folder/STM32CubeIDE_1.14.1/STM32CubeIDE/plugins/com.st.stm32cube.ide.mcu.externaltools.gnu-tools-for-stm32.12.3.rel1.win32_1.0.200.202406191623/tools/bin/../lib/gcc/arm-none-eabi/12.3.1/../../../../arm-none-eabi/lib/thumb/v7e-m+dp/hard\libc_nano.a(libc_a-fwalk.o)
 .ARM.attributes
                0x000004f1       0x32 D:/STM32cubeide/New folder/STM32CubeIDE_1.14.1/STM32CubeIDE/plugins/com.st.stm32cube.ide.mcu.externaltools.gnu-tools-for-stm32.12.3.rel1.win32_1.0.200.202406191623/tools/bin/../lib/gcc/arm-none-eabi/12.3.1/../../../../arm-none-eabi/lib/thumb/v7e-m+dp/hard\libc_nano.a(libc_a-printf.o)
 .ARM.attributes
                0x00000523       0x32 D:/STM32cubeide/New folder/STM32CubeIDE_1.14.1/STM32CubeIDE/plugins/com.st.stm32cube.ide.mcu.externaltools.gnu-tools-for-stm32.12.3.rel1.win32_1.0.200.202406191623/tools/bin/../lib/gcc/arm-none-eabi/12.3.1/../../../../arm-none-eabi/lib/thumb/v7e-m+dp/hard\libc_nano.a(libc_a-stdio.o)
 .ARM.attributes
                0x00000555       0x32 D:/STM32cubeide/New folder/STM32CubeIDE_1.14.1/STM32CubeIDE/plugins/com.st.stm32cube.ide.mcu.externaltools.gnu-tools-for-stm32.12.3.rel1.win32_1.0.200.202406191623/tools/bin/../lib/gcc/arm-none-eabi/12.3.1/../../../../arm-none-eabi/lib/thumb/v7e-m+dp/hard\libc_nano.a(libc_a-memset.o)
 .ARM.attributes
                0x00000587       0x32 D:/STM32cubeide/New folder/STM32CubeIDE_1.14.1/STM32CubeIDE/plugins/com.st.stm32cube.ide.mcu.externaltools.gnu-tools-for-stm32.12.3.rel1.win32_1.0.200.202406191623/tools/bin/../lib/gcc/arm-none-eabi/12.3.1/../../../../arm-none-eabi/lib/thumb/v7e-m+dp/hard\libc_nano.a(libc_a-closer.o)
 .ARM.attributes
                0x000005b9       0x32 D:/STM32cubeide/New folder/STM32CubeIDE_1.14.1/STM32CubeIDE/plugins/com.st.stm32cube.ide.mcu.externaltools.gnu-tools-for-stm32.12.3.rel1.win32_1.0.200.202406191623/tools/bin/../lib/gcc/arm-none-eabi/12.3.1/../../../../arm-none-eabi/lib/thumb/v7e-m+dp/hard\libc_nano.a(libc_a-reent.o)
 .ARM.attributes
                0x000005eb       0x32 D:/STM32cubeide/New folder/STM32CubeIDE_1.14.1/STM32CubeIDE/plugins/com.st.stm32cube.ide.mcu.externaltools.gnu-tools-for-stm32.12.3.rel1.win32_1.0.200.202406191623/tools/bin/../lib/gcc/arm-none-eabi/12.3.1/../../../../arm-none-eabi/lib/thumb/v7e-m+dp/hard\libc_nano.a(libc_a-impure.o)
 .ARM.attributes
                0x0000061d       0x32 D:/STM32cubeide/New folder/STM32CubeIDE_1.14.1/STM32CubeIDE/plugins/com.st.stm32cube.ide.mcu.externaltools.gnu-tools-for-stm32.12.3.rel1.win32_1.0.200.202406191623/tools/bin/../lib/gcc/arm-none-eabi/12.3.1/../../../../arm-none-eabi/lib/thumb/v7e-m+dp/hard\libc_nano.a(libc_a-lseekr.o)
 .ARM.attributes
                0x0000064f       0x32 D:/STM32cubeide/New folder/STM32CubeIDE_1.14.1/STM32CubeIDE/plugins/com.st.stm32cube.ide.mcu.externaltools.gnu-tools-for-stm32.12.3.rel1.win32_1.0.200.202406191623/tools/bin/../lib/gcc/arm-none-eabi/12.3.1/../../../../arm-none-eabi/lib/thumb/v7e-m+dp/hard\libc_nano.a(libc_a-readr.o)
 .ARM.attributes
                0x00000681       0x32 D:/STM32cubeide/New folder/STM32CubeIDE_1.14.1/STM32CubeIDE/plugins/com.st.stm32cube.ide.mcu.externaltools.gnu-tools-for-stm32.12.3.rel1.win32_1.0.200.202406191623/tools/bin/../lib/gcc/arm-none-eabi/12.3.1/../../../../arm-none-eabi/lib/thumb/v7e-m+dp/hard\libc_nano.a(libc_a-writer.o)
 .ARM.attributes
                0x000006b3       0x32 D:/STM32cubeide/New folder/STM32CubeIDE_1.14.1/STM32CubeIDE/plugins/com.st.stm32cube.ide.mcu.externaltools.gnu-tools-for-stm32.12.3.rel1.win32_1.0.200.202406191623/tools/bin/../lib/gcc/arm-none-eabi/12.3.1/../../../../arm-none-eabi/lib/thumb/v7e-m+dp/hard\libc_nano.a(libc_a-errno.o)
 .ARM.attributes
                0x000006e5       0x32 D:/STM32cubeide/New folder/STM32CubeIDE_1.14.1/STM32CubeIDE/plugins/com.st.stm32cube.ide.mcu.externaltools.gnu-tools-for-stm32.12.3.rel1.win32_1.0.200.202406191623/tools/bin/../lib/gcc/arm-none-eabi/12.3.1/../../../../arm-none-eabi/lib/thumb/v7e-m+dp/hard\libc_nano.a(libc_a-init.o)
 .ARM.attributes
                0x00000717       0x32 D:/STM32cubeide/New folder/STM32CubeIDE_1.14.1/STM32CubeIDE/plugins/com.st.stm32cube.ide.mcu.externaltools.gnu-tools-for-stm32.12.3.rel1.win32_1.0.200.202406191623/tools/bin/../lib/gcc/arm-none-eabi/12.3.1/../../../../arm-none-eabi/lib/thumb/v7e-m+dp/hard\libc_nano.a(libc_a-lock.o)
 .ARM.attributes
                0x00000749       0x32 D:/STM32cubeide/New folder/STM32CubeIDE_1.14.1/STM32CubeIDE/plugins/com.st.stm32cube.ide.mcu.externaltools.gnu-tools-for-stm32.12.3.rel1.win32_1.0.200.202406191623/tools/bin/../lib/gcc/arm-none-eabi/12.3.1/../../../../arm-none-eabi/lib/thumb/v7e-m+dp/hard\libc_nano.a(libc_a-freer.o)
 .ARM.attributes
                0x0000077b       0x32 D:/STM32cubeide/New folder/STM32CubeIDE_1.14.1/STM32CubeIDE/plugins/com.st.stm32cube.ide.mcu.externaltools.gnu-tools-for-stm32.12.3.rel1.win32_1.0.200.202406191623/tools/bin/../lib/gcc/arm-none-eabi/12.3.1/../../../../arm-none-eabi/lib/thumb/v7e-m+dp/hard\libc_nano.a(libc_a-mallocr.o)
 .ARM.attributes
                0x000007ad       0x32 D:/STM32cubeide/New folder/STM32CubeIDE_1.14.1/STM32CubeIDE/plugins/com.st.stm32cube.ide.mcu.externaltools.gnu-tools-for-stm32.12.3.rel1.win32_1.0.200.202406191623/tools/bin/../lib/gcc/arm-none-eabi/12.3.1/../../../../arm-none-eabi/lib/thumb/v7e-m+dp/hard\libc_nano.a(libc_a-mlock.o)
 .ARM.attributes
                0x000007df       0x32 D:/STM32cubeide/New folder/STM32CubeIDE_1.14.1/STM32CubeIDE/plugins/com.st.stm32cube.ide.mcu.externaltools.gnu-tools-for-stm32.12.3.rel1.win32_1.0.200.202406191623/tools/bin/../lib/gcc/arm-none-eabi/12.3.1/../../../../arm-none-eabi/lib/thumb/v7e-m+dp/hard\libc_nano.a(libc_a-nano-vfprintf.o)
 .ARM.attributes
                0x00000811       0x32 D:/STM32cubeide/New folder/STM32CubeIDE_1.14.1/STM32CubeIDE/plugins/com.st.stm32cube.ide.mcu.externaltools.gnu-tools-for-stm32.12.3.rel1.win32_1.0.200.202406191623/tools/bin/../lib/gcc/arm-none-eabi/12.3.1/../../../../arm-none-eabi/lib/thumb/v7e-m+dp/hard\libc_nano.a(libc_a-nano-vfprintf_i.o)
 .ARM.attributes
                0x00000843       0x32 D:/STM32cubeide/New folder/STM32CubeIDE_1.14.1/STM32CubeIDE/plugins/com.st.stm32cube.ide.mcu.externaltools.gnu-tools-for-stm32.12.3.rel1.win32_1.0.200.202406191623/tools/bin/../lib/gcc/arm-none-eabi/12.3.1/../../../../arm-none-eabi/lib/thumb/v7e-m+dp/hard\libc_nano.a(libc_a-fflush.o)
 .ARM.attributes
                0x00000875       0x32 D:/STM32cubeide/New folder/STM32CubeIDE_1.14.1/STM32CubeIDE/plugins/com.st.stm32cube.ide.mcu.externaltools.gnu-tools-for-stm32.12.3.rel1.win32_1.0.200.202406191623/tools/bin/../lib/gcc/arm-none-eabi/12.3.1/../../../../arm-none-eabi/lib/thumb/v7e-m+dp/hard\libc_nano.a(libc_a-wbuf.o)
 .ARM.attributes
                0x000008a7       0x32 D:/STM32cubeide/New folder/STM32CubeIDE_1.14.1/STM32CubeIDE/plugins/com.st.stm32cube.ide.mcu.externaltools.gnu-tools-for-stm32.12.3.rel1.win32_1.0.200.202406191623/tools/bin/../lib/gcc/arm-none-eabi/12.3.1/../../../../arm-none-eabi/lib/thumb/v7e-m+dp/hard\libc_nano.a(libc_a-wsetup.o)
 .ARM.attributes
                0x000008d9       0x32 D:/STM32cubeide/New folder/STM32CubeIDE_1.14.1/STM32CubeIDE/plugins/com.st.stm32cube.ide.mcu.externaltools.gnu-tools-for-stm32.12.3.rel1.win32_1.0.200.202406191623/tools/bin/../lib/gcc/arm-none-eabi/12.3.1/../../../../arm-none-eabi/lib/thumb/v7e-m+dp/hard\libc_nano.a(libc_a-sbrkr.o)
 .ARM.attributes
                0x0000090b       0x1c D:/STM32cubeide/New folder/STM32CubeIDE_1.14.1/STM32CubeIDE/plugins/com.st.stm32cube.ide.mcu.externaltools.gnu-tools-for-stm32.12.3.rel1.win32_1.0.200.202406191623/tools/bin/../lib/gcc/arm-none-eabi/12.3.1/../../../../arm-none-eabi/lib/thumb/v7e-m+dp/hard\libc_nano.a(libc_a-memchr.o)
 .ARM.attributes
                0x00000927       0x32 D:/STM32cubeide/New folder/STM32CubeIDE_1.14.1/STM32CubeIDE/plugins/com.st.stm32cube.ide.mcu.externaltools.gnu-tools-for-stm32.12.3.rel1.win32_1.0.200.202406191623/tools/bin/../lib/gcc/arm-none-eabi/12.3.1/../../../../arm-none-eabi/lib/thumb/v7e-m+dp/hard\libc_nano.a(libc_a-makebuf.o)
 .ARM.attributes
                0x00000959       0x32 D:/STM32cubeide/New folder/STM32CubeIDE_1.14.1/STM32CubeIDE/plugins/com.st.stm32cube.ide.mcu.externaltools.gnu-tools-for-stm32.12.3.rel1.win32_1.0.200.202406191623/tools/bin/../lib/gcc/arm-none-eabi/12.3.1/../../../../arm-none-eabi/lib/thumb/v7e-m+dp/hard\libc_nano.a(libc_a-fstatr.o)
 .ARM.attributes
                0x0000098b       0x32 D:/STM32cubeide/New folder/STM32CubeIDE_1.14.1/STM32CubeIDE/plugins/com.st.stm32cube.ide.mcu.externaltools.gnu-tools-for-stm32.12.3.rel1.win32_1.0.200.202406191623/tools/bin/../lib/gcc/arm-none-eabi/12.3.1/../../../../arm-none-eabi/lib/thumb/v7e-m+dp/hard\libc_nano.a(libc_a-isattyr.o)
 .ARM.attributes
                0x000009bd       0x20 D:/STM32cubeide/New folder/STM32CubeIDE_1.14.1/STM32CubeIDE/plugins/com.st.stm32cube.ide.mcu.externaltools.gnu-tools-for-stm32.12.3.rel1.win32_1.0.200.202406191623/tools/bin/../lib/gcc/arm-none-eabi/12.3.1/thumb/v7e-m+dp/hard/crtn.o
OUTPUT(Digital_Camera.elf elf32-littlearm)
LOAD linker stubs
LOAD D:/STM32cubeide/New folder/STM32CubeIDE_1.14.1/STM32CubeIDE/plugins/com.st.stm32cube.ide.mcu.externaltools.gnu-tools-for-stm32.12.3.rel1.win32_1.0.200.202406191623/tools/bin/../lib/gcc/arm-none-eabi/12.3.1/../../../../arm-none-eabi/lib/thumb/v7e-m+dp/hard\libc.a
LOAD D:/STM32cubeide/New folder/STM32CubeIDE_1.14.1/STM32CubeIDE/plugins/com.st.stm32cube.ide.mcu.externaltools.gnu-tools-for-stm32.12.3.rel1.win32_1.0.200.202406191623/tools/bin/../lib/gcc/arm-none-eabi/12.3.1/../../../../arm-none-eabi/lib/thumb/v7e-m+dp/hard\libm.a
LOAD D:/STM32cubeide/New folder/STM32CubeIDE_1.14.1/STM32CubeIDE/plugins/com.st.stm32cube.ide.mcu.externaltools.gnu-tools-for-stm32.12.3.rel1.win32_1.0.200.202406191623/tools/bin/../lib/gcc/arm-none-eabi/12.3.1/thumb/v7e-m+dp/hard\libgcc.a

.debug_info     0x00000000    0x13a88
 .debug_info    0x00000000      0x30b ./Core/Src/lcdIli9341.o
 .debug_info    0x0000030b     0x2181 ./Core/Src/main.o
 .debug_info    0x0000248c      0xe15 ./Core/Src/ov7670.o
 .debug_info    0x000032a1     0x1dec ./Core/Src/stm32h7xx_hal_msp.o
 .debug_info    0x0000508d      0x734 ./Core/Src/stm32h7xx_it.o
 .debug_info    0x000057c1      0x6a3 ./Core/Src/syscalls.o
 .debug_info    0x00005e64      0x168 ./Core/Src/sysmem.o
 .debug_info    0x00005fcc      0xcef ./Core/Src/system_stm32h7xx.o
 .debug_info    0x00006cbb       0x30 ./Core/Startup/startup_stm32h750vbtx.o
 .debug_info    0x00006ceb     0x1541 ./Drivers/STM32H7xx_HAL_Driver/Src/stm32h7xx_hal.o
 .debug_info    0x0000822c     0x10b2 ./Drivers/STM32H7xx_HAL_Driver/Src/stm32h7xx_hal_cortex.o
 .debug_info    0x000092de      0xc1d ./Drivers/STM32H7xx_HAL_Driver/Src/stm32h7xx_hal_dcmi.o
 .debug_info    0x00009efb      0xc27 ./Drivers/STM32H7xx_HAL_Driver/Src/stm32h7xx_hal_dma.o
 .debug_info    0x0000ab22      0x831 ./Drivers/STM32H7xx_HAL_Driver/Src/stm32h7xx_hal_dma_ex.o
 .debug_info    0x0000b353      0xc4b ./Drivers/STM32H7xx_HAL_Driver/Src/stm32h7xx_hal_gpio.o
 .debug_info    0x0000bf9e     0x22a1 ./Drivers/STM32H7xx_HAL_Driver/Src/stm32h7xx_hal_i2c.o
 .debug_info    0x0000e23f      0xd84 ./Drivers/STM32H7xx_HAL_Driver/Src/stm32h7xx_hal_i2c_ex.o
 .debug_info    0x0000efc3     0x1008 ./Drivers/STM32H7xx_HAL_Driver/Src/stm32h7xx_hal_pwr_ex.o
 .debug_info    0x0000ffcb      0xe5b ./Drivers/STM32H7xx_HAL_Driver/Src/stm32h7xx_hal_rcc.o
 .debug_info    0x00010e26     0x1216 ./Drivers/STM32H7xx_HAL_Driver/Src/stm32h7xx_hal_rcc_ex.o
 .debug_info    0x0001203c      0xe99 ./Drivers/STM32H7xx_HAL_Driver/Src/stm32h7xx_hal_sram.o
 .debug_info    0x00012ed5      0xbb3 ./Drivers/STM32H7xx_HAL_Driver/Src/stm32h7xx_ll_fmc.o

.debug_abbrev   0x00000000     0x2cba
 .debug_abbrev  0x00000000      0x177 ./Core/Src/lcdIli9341.o
 .debug_abbrev  0x00000177      0x302 ./Core/Src/main.o
 .debug_abbrev  0x00000479      0x25d ./Core/Src/ov7670.o
 .debug_abbrev  0x000006d6      0x295 ./Core/Src/stm32h7xx_hal_msp.o
 .debug_abbrev  0x0000096b      0x16b ./Core/Src/stm32h7xx_it.o
 .debug_abbrev  0x00000ad6      0x1b6 ./Core/Src/syscalls.o
 .debug_abbrev  0x00000c8c       0xbc ./Core/Src/sysmem.o
 .debug_abbrev  0x00000d48      0x14c ./Core/Src/system_stm32h7xx.o
 .debug_abbrev  0x00000e94       0x24 ./Core/Startup/startup_stm32h750vbtx.o
 .debug_abbrev  0x00000eb8      0x295 ./Drivers/STM32H7xx_HAL_Driver/Src/stm32h7xx_hal.o
 .debug_abbrev  0x0000114d      0x339 ./Drivers/STM32H7xx_HAL_Driver/Src/stm32h7xx_hal_cortex.o
 .debug_abbrev  0x00001486      0x243 ./Drivers/STM32H7xx_HAL_Driver/Src/stm32h7xx_hal_dcmi.o
 .debug_abbrev  0x000016c9      0x248 ./Drivers/STM32H7xx_HAL_Driver/Src/stm32h7xx_hal_dma.o
 .debug_abbrev  0x00001911      0x1cc ./Drivers/STM32H7xx_HAL_Driver/Src/stm32h7xx_hal_dma_ex.o
 .debug_abbrev  0x00001add      0x1fe ./Drivers/STM32H7xx_HAL_Driver/Src/stm32h7xx_hal_gpio.o
 .debug_abbrev  0x00001cdb      0x25d ./Drivers/STM32H7xx_HAL_Driver/Src/stm32h7xx_hal_i2c.o
 .debug_abbrev  0x00001f38      0x1f5 ./Drivers/STM32H7xx_HAL_Driver/Src/stm32h7xx_hal_i2c_ex.o
 .debug_abbrev  0x0000212d      0x2a7 ./Drivers/STM32H7xx_HAL_Driver/Src/stm32h7xx_hal_pwr_ex.o
 .debug_abbrev  0x000023d4      0x2c8 ./Drivers/STM32H7xx_HAL_Driver/Src/stm32h7xx_hal_rcc.o
 .debug_abbrev  0x0000269c      0x269 ./Drivers/STM32H7xx_HAL_Driver/Src/stm32h7xx_hal_rcc_ex.o
 .debug_abbrev  0x00002905      0x209 ./Drivers/STM32H7xx_HAL_Driver/Src/stm32h7xx_hal_sram.o
 .debug_abbrev  0x00002b0e      0x1ac ./Drivers/STM32H7xx_HAL_Driver/Src/stm32h7xx_ll_fmc.o

.debug_aranges  0x00000000      0xf28
 .debug_aranges
                0x00000000       0x60 ./Core/Src/lcdIli9341.o
 .debug_aranges
                0x00000060       0x60 ./Core/Src/main.o
 .debug_aranges
                0x000000c0       0x60 ./Core/Src/ov7670.o
 .debug_aranges
                0x00000120       0x60 ./Core/Src/stm32h7xx_hal_msp.o
 .debug_aranges
                0x00000180       0x70 ./Core/Src/stm32h7xx_it.o
 .debug_aranges
                0x000001f0       0xa8 ./Core/Src/syscalls.o
 .debug_aranges
                0x00000298       0x20 ./Core/Src/sysmem.o
 .debug_aranges
                0x000002b8       0x28 ./Core/Src/system_stm32h7xx.o
 .debug_aranges
                0x000002e0       0x28 ./Core/Startup/startup_stm32h750vbtx.o
 .debug_aranges
                0x00000308      0x198 ./Drivers/STM32H7xx_HAL_Driver/Src/stm32h7xx_hal.o
 .debug_aranges
                0x000004a0      0x130 ./Drivers/STM32H7xx_HAL_Driver/Src/stm32h7xx_hal_cortex.o
 .debug_aranges
                0x000005d0       0xc0 ./Drivers/STM32H7xx_HAL_Driver/Src/stm32h7xx_hal_dcmi.o
 .debug_aranges
                0x00000690       0xa0 ./Drivers/STM32H7xx_HAL_Driver/Src/stm32h7xx_hal_dma.o
 .debug_aranges
                0x00000730       0x60 ./Drivers/STM32H7xx_HAL_Driver/Src/stm32h7xx_hal_dma_ex.o
 .debug_aranges
                0x00000790       0x58 ./Drivers/STM32H7xx_HAL_Driver/Src/stm32h7xx_hal_gpio.o
 .debug_aranges
                0x000007e8      0x2a0 ./Drivers/STM32H7xx_HAL_Driver/Src/stm32h7xx_hal_i2c.o
 .debug_aranges
                0x00000a88       0x48 ./Drivers/STM32H7xx_HAL_Driver/Src/stm32h7xx_hal_i2c_ex.o
 .debug_aranges
                0x00000ad0      0x158 ./Drivers/STM32H7xx_HAL_Driver/Src/stm32h7xx_hal_pwr_ex.o
 .debug_aranges
                0x00000c28       0x88 ./Drivers/STM32H7xx_HAL_Driver/Src/stm32h7xx_hal_rcc.o
 .debug_aranges
                0x00000cb0       0xf8 ./Drivers/STM32H7xx_HAL_Driver/Src/stm32h7xx_hal_rcc_ex.o
 .debug_aranges
                0x00000da8       0xb8 ./Drivers/STM32H7xx_HAL_Driver/Src/stm32h7xx_hal_sram.o
 .debug_aranges
                0x00000e60       0xc8 ./Drivers/STM32H7xx_HAL_Driver/Src/stm32h7xx_ll_fmc.o

.debug_rnglists
                0x00000000      0xb81
 .debug_rnglists
                0x00000000       0x46 ./Core/Src/lcdIli9341.o
 .debug_rnglists
                0x00000046       0x48 ./Core/Src/main.o
 .debug_rnglists
                0x0000008e       0x44 ./Core/Src/ov7670.o
 .debug_rnglists
                0x000000d2       0x46 ./Core/Src/stm32h7xx_hal_msp.o
 .debug_rnglists
                0x00000118       0x4f ./Core/Src/stm32h7xx_it.o
 .debug_rnglists
                0x00000167       0x79 ./Core/Src/syscalls.o
 .debug_rnglists
                0x000001e0       0x13 ./Core/Src/sysmem.o
 .debug_rnglists
                0x000001f3       0x1b ./Core/Src/system_stm32h7xx.o
 .debug_rnglists
                0x0000020e       0x19 ./Core/Startup/startup_stm32h750vbtx.o
 .debug_rnglists
                0x00000227      0x131 ./Drivers/STM32H7xx_HAL_Driver/Src/stm32h7xx_hal.o
 .debug_rnglists
                0x00000358       0xe0 ./Drivers/STM32H7xx_HAL_Driver/Src/stm32h7xx_hal_cortex.o
 .debug_rnglists
                0x00000438       0x91 ./Drivers/STM32H7xx_HAL_Driver/Src/stm32h7xx_hal_dcmi.o
 .debug_rnglists
                0x000004c9       0x82 ./Drivers/STM32H7xx_HAL_Driver/Src/stm32h7xx_hal_dma.o
 .debug_rnglists
                0x0000054b       0x4a ./Drivers/STM32H7xx_HAL_Driver/Src/stm32h7xx_hal_dma_ex.o
 .debug_rnglists
                0x00000595       0x3f ./Drivers/STM32H7xx_HAL_Driver/Src/stm32h7xx_hal_gpio.o
 .debug_rnglists
                0x000005d4      0x22a ./Drivers/STM32H7xx_HAL_Driver/Src/stm32h7xx_hal_i2c.o
 .debug_rnglists
                0x000007fe       0x35 ./Drivers/STM32H7xx_HAL_Driver/Src/stm32h7xx_hal_i2c_ex.o
 .debug_rnglists
                0x00000833      0x103 ./Drivers/STM32H7xx_HAL_Driver/Src/stm32h7xx_hal_pwr_ex.o
 .debug_rnglists
                0x00000936       0x68 ./Drivers/STM32H7xx_HAL_Driver/Src/stm32h7xx_hal_rcc.o
 .debug_rnglists
                0x0000099e       0xc0 ./Drivers/STM32H7xx_HAL_Driver/Src/stm32h7xx_hal_rcc_ex.o
 .debug_rnglists
                0x00000a5e       0x8e ./Drivers/STM32H7xx_HAL_Driver/Src/stm32h7xx_hal_sram.o
 .debug_rnglists
                0x00000aec       0x95 ./Drivers/STM32H7xx_HAL_Driver/Src/stm32h7xx_ll_fmc.o

.debug_macro    0x00000000    0x384a7
 .debug_macro   0x00000000      0x334 ./Core/Src/lcdIli9341.o
 .debug_macro   0x00000334      0xacc ./Core/Src/lcdIli9341.o
 .debug_macro   0x00000e00       0x22 ./Core/Src/lcdIli9341.o
 .debug_macro   0x00000e22       0x5b ./Core/Src/lcdIli9341.o
 .debug_macro   0x00000e7d       0x29 ./Core/Src/lcdIli9341.o
 .debug_macro   0x00000ea6       0x94 ./Core/Src/lcdIli9341.o
 .debug_macro   0x00000f3a       0x43 ./Core/Src/lcdIli9341.o
 .debug_macro   0x00000f7d       0x34 ./Core/Src/lcdIli9341.o
 .debug_macro   0x00000fb1       0x16 ./Core/Src/lcdIli9341.o
 .debug_macro   0x00000fc7       0x57 ./Core/Src/lcdIli9341.o
 .debug_macro   0x0000101e       0x9e ./Core/Src/lcdIli9341.o
 .debug_macro   0x000010bc      0x369 ./Core/Src/lcdIli9341.o
 .debug_macro   0x00001425      0x10b ./Core/Src/lcdIli9341.o
 .debug_macro   0x00001530       0x10 ./Core/Src/lcdIli9341.o
 .debug_macro   0x00001540       0x16 ./Core/Src/lcdIli9341.o
 .debug_macro   0x00001556       0x43 ./Core/Src/lcdIli9341.o
 .debug_macro   0x00001599       0x34 ./Core/Src/lcdIli9341.o
 .debug_macro   0x000015cd       0x10 ./Core/Src/lcdIli9341.o
 .debug_macro   0x000015dd       0x58 ./Core/Src/lcdIli9341.o
 .debug_macro   0x00001635       0x8e ./Core/Src/lcdIli9341.o
 .debug_macro   0x000016c3       0x1c ./Core/Src/lcdIli9341.o
 .debug_macro   0x000016df      0x177 ./Core/Src/lcdIli9341.o
 .debug_macro   0x00001856       0x16 ./Core/Src/lcdIli9341.o
 .debug_macro   0x0000186c       0x16 ./Core/Src/lcdIli9341.o
 .debug_macro   0x00001882      0x146 ./Core/Src/lcdIli9341.o
 .debug_macro   0x000019c8      0x238 ./Core/Src/lcdIli9341.o
 .debug_macro   0x00001c00       0x2e ./Core/Src/lcdIli9341.o
 .debug_macro   0x00001c2e       0x3b ./Core/Src/lcdIli9341.o
 .debug_macro   0x00001c69      0x103 ./Core/Src/lcdIli9341.o
 .debug_macro   0x00001d6c       0x6a ./Core/Src/lcdIli9341.o
 .debug_macro   0x00001dd6      0x1df ./Core/Src/lcdIli9341.o
 .debug_macro   0x00001fb5       0x1c ./Core/Src/lcdIli9341.o
 .debug_macro   0x00001fd1       0x22 ./Core/Src/lcdIli9341.o
 .debug_macro   0x00001ff3       0xfb ./Core/Src/lcdIli9341.o
 .debug_macro   0x000020ee     0x1305 ./Core/Src/lcdIli9341.o
 .debug_macro   0x000033f3      0x11f ./Core/Src/lcdIli9341.o
 .debug_macro   0x00003512       0x27 ./Core/Src/lcdIli9341.o
 .debug_macro   0x00003539    0x25eee ./Core/Src/lcdIli9341.o
 .debug_macro   0x00029427       0x6d ./Core/Src/lcdIli9341.o
 .debug_macro   0x00029494     0x3d79 ./Core/Src/lcdIli9341.o
 .debug_macro   0x0002d20d      0x19b ./Core/Src/lcdIli9341.o
 .debug_macro   0x0002d3a8       0x5d ./Core/Src/lcdIli9341.o
 .debug_macro   0x0002d405     0x240e ./Core/Src/lcdIli9341.o
 .debug_macro   0x0002f813     0x102c ./Core/Src/lcdIli9341.o
 .debug_macro   0x0003083f      0x154 ./Core/Src/lcdIli9341.o
 .debug_macro   0x00030993      0x114 ./Core/Src/lcdIli9341.o
 .debug_macro   0x00030aa7      0x3b6 ./Core/Src/lcdIli9341.o
 .debug_macro   0x00030e5d       0xac ./Core/Src/lcdIli9341.o
 .debug_macro   0x00030f09      0x72d ./Core/Src/lcdIli9341.o
 .debug_macro   0x00031636      0x228 ./Core/Src/lcdIli9341.o
 .debug_macro   0x0003185e       0x66 ./Core/Src/lcdIli9341.o
 .debug_macro   0x000318c4      0x3bb ./Core/Src/lcdIli9341.o
 .debug_macro   0x00031c7f      0x22c ./Core/Src/lcdIli9341.o
 .debug_macro   0x00031eab      0x3e4 ./Core/Src/lcdIli9341.o
 .debug_macro   0x0003228f      0x275 ./Core/Src/lcdIli9341.o
 .debug_macro   0x00032504      0x3ca ./Core/Src/lcdIli9341.o
 .debug_macro   0x000328ce      0x3de ./Core/Src/lcdIli9341.o
 .debug_macro   0x00032cac       0x3c ./Core/Src/lcdIli9341.o
 .debug_macro   0x00032ce8       0x4a ./Core/Src/lcdIli9341.o
 .debug_macro   0x00032d32      0x512 ./Core/Src/lcdIli9341.o
 .debug_macro   0x00033244      0x22c ./Core/Src/lcdIli9341.o
 .debug_macro   0x00033470       0x67 ./Core/Src/lcdIli9341.o
 .debug_macro   0x000334d7       0xa5 ./Core/Src/lcdIli9341.o
 .debug_macro   0x0003357c      0x1c4 ./Core/Src/lcdIli9341.o
 .debug_macro   0x00033740      0x25e ./Core/Src/lcdIli9341.o
 .debug_macro   0x0003399e       0x35 ./Core/Src/lcdIli9341.o
 .debug_macro   0x000339d3      0x5a0 ./Core/Src/lcdIli9341.o
 .debug_macro   0x00033f73       0x10 ./Core/Src/lcdIli9341.o
 .debug_macro   0x00033f83       0x46 ./Core/Src/lcdIli9341.o
 .debug_macro   0x00033fc9       0x28 ./Core/Src/lcdIli9341.o
 .debug_macro   0x00033ff1       0x1c ./Core/Src/lcdIli9341.o
 .debug_macro   0x0003400d      0x2db ./Core/Src/main.o
 .debug_macro   0x000342e8       0x8e ./Core/Src/main.o
 .debug_macro   0x00034376       0x51 ./Core/Src/main.o
 .debug_macro   0x000343c7      0x189 ./Core/Src/main.o
 .debug_macro   0x00034550       0x61 ./Core/Src/main.o
 .debug_macro   0x000345b1       0x22 ./Core/Src/main.o
 .debug_macro   0x000345d3      0x32b ./Core/Src/ov7670.o
 .debug_macro   0x000348fe       0x10 ./Core/Src/ov7670.o
 .debug_macro   0x0003490e       0x10 ./Core/Src/ov7670.o
 .debug_macro   0x0003491e      0x2b7 ./Core/Src/stm32h7xx_hal_msp.o
 .debug_macro   0x00034bd5      0x2c1 ./Core/Src/stm32h7xx_it.o
 .debug_macro   0x00034e96      0x278 ./Core/Src/syscalls.o
 .debug_macro   0x0003510e       0x10 ./Core/Src/syscalls.o
 .debug_macro   0x0003511e       0x35 ./Core/Src/syscalls.o
 .debug_macro   0x00035153       0x10 ./Core/Src/syscalls.o
 .debug_macro   0x00035163       0x10 ./Core/Src/syscalls.o
 .debug_macro   0x00035173       0x10 ./Core/Src/syscalls.o
 .debug_macro   0x00035183       0x1c ./Core/Src/syscalls.o
 .debug_macro   0x0003519f       0x52 ./Core/Src/syscalls.o
 .debug_macro   0x000351f1       0x22 ./Core/Src/syscalls.o
 .debug_macro   0x00035213       0x10 ./Core/Src/syscalls.o
 .debug_macro   0x00035223       0x52 ./Core/Src/syscalls.o
 .debug_macro   0x00035275       0xcf ./Core/Src/syscalls.o
 .debug_macro   0x00035344       0x1c ./Core/Src/syscalls.o
 .debug_macro   0x00035360       0x3d ./Core/Src/syscalls.o
 .debug_macro   0x0003539d       0x35 ./Core/Src/syscalls.o
 .debug_macro   0x000353d2      0x12c ./Core/Src/syscalls.o
 .debug_macro   0x000354fe       0x16 ./Core/Src/syscalls.o
 .debug_macro   0x00035514       0x16 ./Core/Src/syscalls.o
 .debug_macro   0x0003552a       0x29 ./Core/Src/syscalls.o
 .debug_macro   0x00035553       0x10 ./Core/Src/syscalls.o
 .debug_macro   0x00035563      0x242 ./Core/Src/syscalls.o
 .debug_macro   0x000357a5       0x1c ./Core/Src/syscalls.o
 .debug_macro   0x000357c1       0x10 ./Core/Src/syscalls.o
 .debug_macro   0x000357d1      0x18a ./Core/Src/syscalls.o
 .debug_macro   0x0003595b       0x16 ./Core/Src/syscalls.o
 .debug_macro   0x00035971       0xce ./Core/Src/syscalls.o
 .debug_macro   0x00035a3f       0xff ./Core/Src/sysmem.o
 .debug_macro   0x00035b3e      0x23c ./Core/Src/sysmem.o
 .debug_macro   0x00035d7a      0x2a8 ./Core/Src/system_stm32h7xx.o
 .debug_macro   0x00036022      0x2d2 ./Drivers/STM32H7xx_HAL_Driver/Src/stm32h7xx_hal.o
 .debug_macro   0x000362f4      0x2a8 ./Drivers/STM32H7xx_HAL_Driver/Src/stm32h7xx_hal_cortex.o
 .debug_macro   0x0003659c      0x2af ./Drivers/STM32H7xx_HAL_Driver/Src/stm32h7xx_hal_dcmi.o
 .debug_macro   0x0003684b      0x2fc ./Drivers/STM32H7xx_HAL_Driver/Src/stm32h7xx_hal_dma.o
 .debug_macro   0x00036b47      0x2a8 ./Drivers/STM32H7xx_HAL_Driver/Src/stm32h7xx_hal_dma_ex.o
 .debug_macro   0x00036def      0x2af ./Drivers/STM32H7xx_HAL_Driver/Src/stm32h7xx_hal_gpio.o
 .debug_macro   0x0003709e      0x374 ./Drivers/STM32H7xx_HAL_Driver/Src/stm32h7xx_hal_i2c.o
 .debug_macro   0x00037412      0x2a8 ./Drivers/STM32H7xx_HAL_Driver/Src/stm32h7xx_hal_i2c_ex.o
 .debug_macro   0x000376ba      0x2e1 ./Drivers/STM32H7xx_HAL_Driver/Src/stm32h7xx_hal_pwr_ex.o
 .debug_macro   0x0003799b      0x2cc ./Drivers/STM32H7xx_HAL_Driver/Src/stm32h7xx_hal_rcc.o
 .debug_macro   0x00037c67      0x2c6 ./Drivers/STM32H7xx_HAL_Driver/Src/stm32h7xx_hal_rcc_ex.o
 .debug_macro   0x00037f2d      0x2a8 ./Drivers/STM32H7xx_HAL_Driver/Src/stm32h7xx_hal_sram.o
 .debug_macro   0x000381d5      0x2d2 ./Drivers/STM32H7xx_HAL_Driver/Src/stm32h7xx_ll_fmc.o

.debug_line     0x00000000    0x179c3
 .debug_line    0x00000000      0xb6c ./Core/Src/lcdIli9341.o
 .debug_line    0x00000b6c      0xc0c ./Core/Src/main.o
 .debug_line    0x00001778      0xb4a ./Core/Src/ov7670.o
 .debug_line    0x000022c2      0xb78 ./Core/Src/stm32h7xx_hal_msp.o
 .debug_line    0x00002e3a      0xa8d ./Core/Src/stm32h7xx_it.o
 .debug_line    0x000038c7      0x986 ./Core/Src/syscalls.o
 .debug_line    0x0000424d      0x657 ./Core/Src/sysmem.o
 .debug_line    0x000048a4      0xb56 ./Core/Src/system_stm32h7xx.o
 .debug_line    0x000053fa       0x7a ./Core/Startup/startup_stm32h750vbtx.o