../Core/Src/stm32h7xx_hal_msp.c:65:6:HAL_MspInit	16	static
../Core/Src/stm32h7xx_hal_msp.c:87:6:HAL_DCMI_MspInit	56	static
../Core/Src/stm32h7xx_hal_msp.c:179:6:HAL_DCMI_MspDeInit	16	static
../Core/Src/stm32h7xx_hal_msp.c:228:6:HAL_I2C_MspInit	240	static
../Core/Src/stm32h7xx_hal_msp.c:275:6:HAL_I2C_MspDeInit	16	static
../Core/Src/stm32h7xx_hal_msp.c:302:13:HAL_FMC_MspInit	232	static
../Core/Src/stm32h7xx_hal_msp.c:377:6:HAL_SRAM_MspInit	16	static
../Core/Src/stm32h7xx_hal_msp.c:389:13:HAL_FMC_MspDeInit	8	static
../Core/Src/stm32h7xx_hal_msp.c:437:6:HAL_SRAM_MspDeInit	16	static
